Archive member included to satisfy reference by file (symbol)

/Users/daymoon/Documents/workspace/stm32f4discovery_stdperiph_lib/Debug/libstm32f4discovery_stdperiph_lib.a(misc.o)
                              src/mcuperipherals.o (NVIC_Init)
/Users/daymoon/Documents/workspace/stm32f4discovery_stdperiph_lib/Debug/libstm32f4discovery_stdperiph_lib.a(stm32f4xx_exti.o)
                              src/mcuperipherals.o (EXTI_Init)
/Users/daymoon/Documents/workspace/stm32f4discovery_stdperiph_lib/Debug/libstm32f4discovery_stdperiph_lib.a(stm32f4xx_fsmc.o)
                              src/mcuperipherals.o (FSMC_NORSRAMInit)
/Users/daymoon/Documents/workspace/stm32f4discovery_stdperiph_lib/Debug/libstm32f4discovery_stdperiph_lib.a(stm32f4xx_gpio.o)
                              src/amg8833.o (GPIO_Init)
/Users/daymoon/Documents/workspace/stm32f4discovery_stdperiph_lib/Debug/libstm32f4discovery_stdperiph_lib.a(stm32f4xx_i2c.o)
                              src/amg8833.o (I2C_Cmd)
/Users/daymoon/Documents/workspace/stm32f4discovery_stdperiph_lib/Debug/libstm32f4discovery_stdperiph_lib.a(stm32f4xx_rcc.o)
                              src/clock.o (RCC_GetClocksFreq)
/Users/daymoon/Documents/workspace/stm32f4discovery_stdperiph_lib/Debug/libstm32f4discovery_stdperiph_lib.a(stm32f4xx_spi.o)
                              src/mcuperipherals.o (SPI_I2S_DeInit)
/Users/daymoon/Documents/workspace/stm32f4discovery_stdperiph_lib/Debug/libstm32f4discovery_stdperiph_lib.a(stm32f4xx_syscfg.o)
                              src/mcuperipherals.o (SYSCFG_EXTILineConfig)
/Applications/Ac6/SystemWorkbench.app/Contents/Eclipse/plugins/fr.ac6.mcu.externaltools.arm-none.macos64_1.17.0.201812190825/tools/compiler/bin/../lib/gcc/arm-none-eabi/7.3.1/../../../../arm-none-eabi/lib/thumb/v7e-m/fpv4-sp/hard/libc.a(lib_a-errno.o)
                              src/syscalls.o (__errno)
/Applications/Ac6/SystemWorkbench.app/Contents/Eclipse/plugins/fr.ac6.mcu.externaltools.arm-none.macos64_1.17.0.201812190825/tools/compiler/bin/../lib/gcc/arm-none-eabi/7.3.1/../../../../arm-none-eabi/lib/thumb/v7e-m/fpv4-sp/hard/libc.a(lib_a-exit.o)
                              /Applications/Ac6/SystemWorkbench.app/Contents/Eclipse/plugins/fr.ac6.mcu.externaltools.arm-none.macos64_1.17.0.201812190825/tools/compiler/bin/../lib/gcc/arm-none-eabi/7.3.1/../../../../arm-none-eabi/lib/thumb/v7e-m/fpv4-sp/hard/crt0.o (exit)
/Applications/Ac6/SystemWorkbench.app/Contents/Eclipse/plugins/fr.ac6.mcu.externaltools.arm-none.macos64_1.17.0.201812190825/tools/compiler/bin/../lib/gcc/arm-none-eabi/7.3.1/../../../../arm-none-eabi/lib/thumb/v7e-m/fpv4-sp/hard/libc.a(lib_a-impure.o)
                              /Applications/Ac6/SystemWorkbench.app/Contents/Eclipse/plugins/fr.ac6.mcu.externaltools.arm-none.macos64_1.17.0.201812190825/tools/compiler/bin/../lib/gcc/arm-none-eabi/7.3.1/../../../../arm-none-eabi/lib/thumb/v7e-m/fpv4-sp/hard/libc.a(lib_a-exit.o) (_global_impure_ptr)
/Applications/Ac6/SystemWorkbench.app/Contents/Eclipse/plugins/fr.ac6.mcu.externaltools.arm-none.macos64_1.17.0.201812190825/tools/compiler/bin/../lib/gcc/arm-none-eabi/7.3.1/../../../../arm-none-eabi/lib/thumb/v7e-m/fpv4-sp/hard/libc.a(lib_a-init.o)
                              /Applications/Ac6/SystemWorkbench.app/Contents/Eclipse/plugins/fr.ac6.mcu.externaltools.arm-none.macos64_1.17.0.201812190825/tools/compiler/bin/../lib/gcc/arm-none-eabi/7.3.1/../../../../arm-none-eabi/lib/thumb/v7e-m/fpv4-sp/hard/crt0.o (__libc_init_array)
/Applications/Ac6/SystemWorkbench.app/Contents/Eclipse/plugins/fr.ac6.mcu.externaltools.arm-none.macos64_1.17.0.201812190825/tools/compiler/bin/../lib/gcc/arm-none-eabi/7.3.1/../../../../arm-none-eabi/lib/thumb/v7e-m/fpv4-sp/hard/libc.a(lib_a-memset.o)
                              /Applications/Ac6/SystemWorkbench.app/Contents/Eclipse/plugins/fr.ac6.mcu.externaltools.arm-none.macos64_1.17.0.201812190825/tools/compiler/bin/../lib/gcc/arm-none-eabi/7.3.1/../../../../arm-none-eabi/lib/thumb/v7e-m/fpv4-sp/hard/crt0.o (memset)
/Applications/Ac6/SystemWorkbench.app/Contents/Eclipse/plugins/fr.ac6.mcu.externaltools.arm-none.macos64_1.17.0.201812190825/tools/compiler/bin/../lib/gcc/arm-none-eabi/7.3.1/../../../../arm-none-eabi/lib/thumb/v7e-m/fpv4-sp/hard/libc.a(lib_a-strcpy.o)
                              src/display_buffer.o (strcpy)
/Applications/Ac6/SystemWorkbench.app/Contents/Eclipse/plugins/fr.ac6.mcu.externaltools.arm-none.macos64_1.17.0.201812190825/tools/compiler/bin/../lib/gcc/arm-none-eabi/7.3.1/../../../../arm-none-eabi/lib/thumb/v7e-m/fpv4-sp/hard/libc.a(lib_a-__call_atexit.o)
                              /Applications/Ac6/SystemWorkbench.app/Contents/Eclipse/plugins/fr.ac6.mcu.externaltools.arm-none.macos64_1.17.0.201812190825/tools/compiler/bin/../lib/gcc/arm-none-eabi/7.3.1/../../../../arm-none-eabi/lib/thumb/v7e-m/fpv4-sp/hard/libc.a(lib_a-exit.o) (__call_exitprocs)
[...]
Memory Configuration

Name             Origin             Length             Attributes
FLASH            0x0000000008000000 0x0000000000100000 xr
RAM              0x0000000020000000 0x0000000000030000 xrw
MEMORY_B1        0x0000000060000000 0x0000000000000000 xr
*default*        0x0000000000000000 0xffffffffffffffff

Linker script and memory map

LOAD /Applications/Ac6/SystemWorkbench.app/Contents/Eclipse/plugins/fr.ac6.mcu.externaltools.arm-none.macos64_1.17.0.201812190825/tools/compiler/bin/../lib/gcc/arm-none-eabi/7.3.1/thumb/v7e-m/fpv4-sp/hard/crti.o
LOAD /Applications/Ac6/SystemWorkbench.app/Contents/Eclipse/plugins/fr.ac6.mcu.externaltools.arm-none.macos64_1.17.0.201812190825/tools/compiler/bin/../lib/gcc/arm-none-eabi/7.3.1/thumb/v7e-m/fpv4-sp/hard/crtbegin.o
LOAD /Applications/Ac6/SystemWorkbench.app/Contents/Eclipse/plugins/fr.ac6.mcu.externaltools.arm-none.macos64_1.17.0.201812190825/tools/compiler/bin/../lib/gcc/arm-none-eabi/7.3.1/../../../../arm-none-eabi/lib/thumb/v7e-m/fpv4-sp/hard/crt0.o
LOAD src/UI.o
LOAD src/XPT2046.o
LOAD src/amg8833.o
LOAD src/button.o
LOAD src/clock.o
LOAD src/delay.o
LOAD src/display_buffer.o
LOAD src/displaylib.o
LOAD src/fonts.o
LOAD src/leds.o
LOAD src/main.o
LOAD src/mcuperipherals.o
LOAD src/scheduler.o
LOAD src/services.o
LOAD src/stm32f4xx_it.o
LOAD src/syscalls.o
LOAD src/system_stm32f4xx.o
LOAD startup/startup_stm32f4xx.o
LOAD /Users/daymoon/Documents/workspace/stm32f4discovery_stdperiph_lib/Debug/libstm32f4discovery_stdperiph_lib.a
LOAD /Applications/Ac6/SystemWorkbench.app/Contents/Eclipse/plugins/fr.ac6.mcu.externaltools.arm-none.macos64_1.17.0.201812190825/tools/compiler/bin/../lib/gcc/arm-none-eabi/7.3.1/../../../../arm-none-eabi/lib/thumb/v7e-m/fpv4-sp/hard/libm.a
START GROUP
LOAD /Applications/Ac6/SystemWorkbench.app/Contents/Eclipse/plugins/fr.ac6.mcu.externaltools.arm-none.macos64_1.17.0.201812190825/tools/compiler/bin/../lib/gcc/arm-none-eabi/7.3.1/thumb/v7e-m/fpv4-sp/hard/libgcc.a
LOAD /Applications/Ac6/SystemWorkbench.app/Contents/Eclipse/plugins/fr.ac6.mcu.externaltools.arm-none.macos64_1.17.0.201812190825/tools/compiler/bin/../lib/gcc/arm-none-eabi/7.3.1/../../../../arm-none-eabi/lib/thumb/v7e-m/fpv4-sp/hard/libc.a
END GROUP
LOAD /Applications/Ac6/SystemWorkbench.app/Contents/Eclipse/plugins/fr.ac6.mcu.externaltools.arm-none.macos64_1.17.0.201812190825/tools/compiler/bin/../lib/gcc/arm-none-eabi/7.3.1/thumb/v7e-m/fpv4-sp/hard/crtend.o
LOAD /Applications/Ac6/SystemWorkbench.app/Contents/Eclipse/plugins/fr.ac6.mcu.externaltools.arm-none.macos64_1.17.0.201812190825/tools/compiler/bin/../lib/gcc/arm-none-eabi/7.3.1/thumb/v7e-m/fpv4-sp/hard/crtn.o
                0x0000000020020000                _estack = 0x20020000
                0x0000000000000000                _Min_Heap_Size = 0x0
                0x0000000000000400                _Min_Stack_Size = 0x400

.isr_vector     0x0000000008000000      0x188
                0x0000000008000000                . = ALIGN (0x4)
 *(.isr_vector)
 .isr_vector    0x0000000008000000      0x188 startup/startup_stm32f4xx.o
                0x0000000008000000                g_pfnVectors
                0x0000000008000188                . = ALIGN (0x4)

.text           0x0000000008000188     0x6f44
                0x0000000008000188                . = ALIGN (0x4)
 *(.text)
 .text          0x0000000008000188       0x40 /Applications/Ac6/SystemWorkbench.app/Contents/Eclipse/plugins/fr.ac6.mcu.externaltools.arm-none.macos64_1.17.0.201812190825/tools/compiler/bin/../lib/gcc/arm-none-eabi/7.3.1/thumb/v7e-m/fpv4-sp/hard/crtbegin.o
 *(.text*)
 .text.Display_touched_analyse
                0x00000000080001c8       0x58 src/UI.o
                0x00000000080001c8                Display_touched_analyse
 .text.get_laser_active
                0x0000000008000220       0x18 src/UI.o
                0x0000000008000220                get_laser_active
 .text.Read_X   0x0000000008000238       0x1e src/XPT2046.o
                0x0000000008000238                Read_X
 .text.Read_Y   0x0000000008000256       0x1e src/XPT2046.o
                0x0000000008000256                Read_Y
 .text.XPT2046_GetAdXY
                0x0000000008000274       0x30 src/XPT2046.o
                0x0000000008000274                XPT2046_GetAdXY
 .text.Read_XPT2046
                0x00000000080002a4      0x2ec src/XPT2046.o
                0x00000000080002a4                Read_XPT2046
 .text.getDisplayPixels
                0x0000000008000590       0x78 src/XPT2046.o
                0x0000000008000590                getDisplayPixels
 .text.XPT_release
                0x0000000008000608       0x18 src/XPT2046.o
                0x0000000008000608                XPT_release
 .text.XPT_select
                0x0000000008000620       0x18 src/XPT2046.o
                0x0000000008000620                XPT_select
 .text.read_IRQ
                0x0000000008000638       0x1c src/XPT2046.o
                0x0000000008000638                read_IRQ
 .text.XPT2046_Press
                0x0000000008000654       0x1a src/XPT2046.o
                0x0000000008000654                XPT2046_Press
 .text.WR_CMD   0x000000000800066e       0x1c src/XPT2046.o
                0x000000000800066e                WR_CMD
 .text.RD_AD    0x000000000800068a       0x40 src/XPT2046.o
                0x000000000800068a                RD_AD
 *fill*         0x00000000080006ca        0x2 
 .text.Touch_panel_draw_pixel
                0x00000000080006cc       0x54 src/XPT2046.o
                0x00000000080006cc                Touch_panel_draw_pixel
 .text.Set_panel_touched
                0x0000000008000720       0x20 src/XPT2046.o
                0x0000000008000720                Set_panel_touched
 .text.Get_panel_touched
                0x0000000008000740       0x18 src/XPT2046.o
                0x0000000008000740                Get_panel_touched
 .text.Display_touched
                0x0000000008000758       0x1c src/XPT2046.o
                0x0000000008000758                Display_touched
 .text.get_Touch_mode
                0x0000000008000774       0x18 src/XPT2046.o
                0x0000000008000774                get_Touch_mode
 .text.Amg8833_Init
                0x000000000800078c      0x144 src/amg8833.o
                0x000000000800078c                Amg8833_Init
 .text.I2C_start
                0x00000000080008d0       0x88 src/amg8833.o
                0x00000000080008d0                I2C_start
 .text.I2C_write
                0x0000000008000958       0x34 src/amg8833.o
                0x0000000008000958                I2C_write
 .text.I2C_read_nack
                0x000000000800098c       0x40 src/amg8833.o
                0x000000000800098c                I2C_read_nack
 .text.I2C_stop
                0x00000000080009cc       0x18 src/amg8833.o
                0x00000000080009cc                I2C_stop
 .text.Amg8833_Scan
                0x00000000080009e4       0xf4 src/amg8833.o
                0x00000000080009e4                Amg8833_Scan
 .text.Amg8833_WriteCMD
                0x0000000008000ad8       0x50 src/amg8833.o
                0x0000000008000ad8                Amg8833_WriteCMD
 .text.Amg8833_Process
                0x0000000008000b28      0x14c src/amg8833.o
                0x0000000008000b28                Amg8833_Process
 .text.Amg8833_Interpolate1024
                0x0000000008000c74     0x1130 src/amg8833.o
                0x0000000008000c74                Amg8833_Interpolate1024
 .text.set_interpolation_mode
                0x0000000008001da4       0x64 src/amg8833.o
                0x0000000008001da4                set_interpolation_mode
 .text.get_interpolation_mode
                0x0000000008001e08       0x18 src/amg8833.o
                0x0000000008001e08                get_interpolation_mode
 .text.Amg8833_Draw_screen1024
                0x0000000008001e20       0x78 src/amg8833.o
                0x0000000008001e20                Amg8833_Draw_screen1024
 .text.Calculate_color
                0x0000000008001e98       0x70 src/amg8833.o
                0x0000000008001e98                Calculate_color
 .text.Amg8833_Scale_init
                0x0000000008001f08       0x46 src/amg8833.o
                0x0000000008001f08                Amg8833_Scale_init
 *fill*         0x0000000008001f4e        0x2 
 .text.Amg8833_Draw_scale_values
                0x0000000008001f50      0x1c0 src/amg8833.o
                0x0000000008001f50                Amg8833_Draw_scale_values
 .text.laser_init
                0x0000000008002110       0xac src/amg8833.o
                0x0000000008002110                laser_init
 .text.laser_control
                0x00000000080021bc       0x34 src/amg8833.o
                0x00000000080021bc                laser_control
 .text.laser_icon_Draw
                0x00000000080021f0       0x4c src/amg8833.o
                0x00000000080021f0                laser_icon_Draw
 .text.laser_icon_Clear
                0x000000000800223c       0x1e src/amg8833.o
                0x000000000800223c                laser_icon_Clear
 *fill*         0x000000000800225a        0x2 
 .text.Amg8833_Interpolation_init
                0x000000000800225c       0x60 src/amg8833.o
                0x000000000800225c                Amg8833_Interpolation_init
 .text.Clock_config
                0x00000000080022bc       0x14 src/clock.o
                0x00000000080022bc                Clock_config
 .text.delay_ms
                0x00000000080022d0       0x58 src/delay.o
                0x00000000080022d0                delay_ms
 .text.Set_Delay_finished
                0x0000000008002328       0x20 src/delay.o
                0x0000000008002328                Set_Delay_finished
 .text.Get_Delay_finished
                0x0000000008002348       0x18 src/delay.o
 .text.Display_buffer_init
                0x0000000008002360       0x54 src/display_buffer.o
                0x0000000008002360                Display_buffer_init
 .text.Display_add_to_buffer
                0x00000000080023b4      0x11c src/display_buffer.o
                0x00000000080023b4                Display_add_to_buffer
 .text.Display_buffer
                0x00000000080024d0       0xcc src/display_buffer.o
                0x00000000080024d0                Display_buffer
 .text.Init_LCD
                0x000000000800259c       0x74 src/displaylib.o
                0x000000000800259c                Init_LCD
 .text.Write_Command
                0x0000000008002610       0x2c src/displaylib.o
                0x0000000008002610                Write_Command
 .text.Write_GDDRAM_Prepare
                0x000000000800263c       0x18 src/displaylib.o
                0x000000000800263c                Write_GDDRAM_Prepare
 .text.Write_Data
                0x0000000008002654       0x20 src/displaylib.o
                0x0000000008002654                Write_Data
 .text.Clear_Screen
                0x0000000008002674       0x3c src/displaylib.o
                0x0000000008002674                Clear_Screen
 .text.Set_Cursor
                0x00000000080026b0       0x2c src/displaylib.o
                0x00000000080026b0                Set_Cursor
 .text.Draw_Pixel
                0x00000000080026dc       0x32 src/displaylib.o
                0x00000000080026dc                Draw_Pixel
 *fill*         0x000000000800270e        0x2 
 .text.Set_Font
                0x0000000008002710       0x20 src/displaylib.o
                0x0000000008002710                Set_Font
 .text.Display_String
                0x0000000008002730       0x74 src/displaylib.o
                0x0000000008002730                Display_String
 .text.Display_Char
                0x00000000080027a4       0x50 src/displaylib.o
                0x00000000080027a4                Display_Char
 .text.Draw_Char
                0x00000000080027f4       0xe8 src/displaylib.o
                0x00000000080027f4                Draw_Char
 .text.Draw_Rectangle
                0x00000000080028dc       0x6a src/displaylib.o
                0x00000000080028dc                Draw_Rectangle
 *fill*         0x0000000008002946        0x2 
 .text.Get_FLIR_color
                0x0000000008002948       0x24 src/displaylib.o
                0x0000000008002948                Get_FLIR_color
 .text.leds_config
                0x000000000800296c       0x4c src/leds.o
                0x000000000800296c                leds_config
 .text.main     0x00000000080029b8       0x38 src/main.o
                0x00000000080029b8                main
 .text.Init_display_HW
                0x00000000080029f0       0x14 src/mcuperipherals.o
                0x00000000080029f0                Init_display_HW
 .text.Init_display_TP
                0x0000000008002a04       0x16 src/mcuperipherals.o
                0x0000000008002a04                Init_display_TP
 *fill*         0x0000000008002a1a        0x2 
 .text.Init_display_GPIO
                0x0000000008002a1c      0x16c src/mcuperipherals.o
                0x0000000008002a1c                Init_display_GPIO
 .text.SPI2_Pins_Init
                0x0000000008002b88      0x10c src/mcuperipherals.o
                0x0000000008002b88                SPI2_Pins_Init
 .text.SPI2_Fast_Init
                0x0000000008002c94       0x70 src/mcuperipherals.o
                0x0000000008002c94                SPI2_Fast_Init
 .text.SPI2_Slow_Init
                0x0000000008002d04       0x70 src/mcuperipherals.o
                0x0000000008002d04                SPI2_Slow_Init
 .text.SPI_touch_panel_fast_init
                0x0000000008002d74        0xc src/mcuperipherals.o
                0x0000000008002d74                SPI_touch_panel_fast_init
 .text.SPI_touch_panel_slow_init
                0x0000000008002d80        0xc src/mcuperipherals.o
                0x0000000008002d80                SPI_touch_panel_slow_init
 .text.SPI2_ReadWrite
                0x0000000008002d8c       0x54 src/mcuperipherals.o
                0x0000000008002d8c                SPI2_ReadWrite
 .text.Touch_panel_ReadWrite
                0x0000000008002de0       0x1c src/mcuperipherals.o
                0x0000000008002de0                Touch_panel_ReadWrite
 .text.Init_display_FSMC
                0x0000000008002dfc       0x98 src/mcuperipherals.o
                0x0000000008002dfc                Init_display_FSMC
 .text.set_spi_semaphore
                0x0000000008002e94       0x20 src/mcuperipherals.o
                0x0000000008002e94                set_spi_semaphore
 .text.get_spi_semaphore
                0x0000000008002eb4       0x18 src/mcuperipherals.o
                0x0000000008002eb4                get_spi_semaphore
 .text.Debug_pins_init
                0x0000000008002ecc       0x4c src/mcuperipherals.o
                0x0000000008002ecc                Debug_pins_init
 .text.NVIC_SetPriority
                0x0000000008002f18       0x54 src/scheduler.o
 .text.SysTick_Config
                0x0000000008002f6c       0x44 src/scheduler.o
 .text.Scheduler_init
                0x0000000008002fb0       0x54 src/scheduler.o
                0x0000000008002fb0                Scheduler_init
 .text.Scheduler_start
                0x0000000008003004        0xe src/scheduler.o
                0x0000000008003004                Scheduler_start
 *fill*         0x0000000008003012        0x2 
 .text.Scheduler_Dispatch_Tasks
                0x0000000008003014       0x98 src/scheduler.o
                0x0000000008003014                Scheduler_Dispatch_Tasks
 .text.Scheduler_Add_Task
                0x00000000080030ac       0xb0 src/scheduler.o
                0x00000000080030ac                Scheduler_Add_Task
 .text.Scheduler_Delete_Task
                0x000000000800315c       0x94 src/scheduler.o
                0x000000000800315c                Scheduler_Delete_Task
 .text.Run_scheduler
                0x00000000080031f0       0xe4 src/scheduler.o
                0x00000000080031f0                Run_scheduler
 .text.OrangeLED_service
                0x00000000080032d4       0x68 src/services.o
                0x00000000080032d4                OrangeLED_service
 .text.Delay_service
                0x000000000800333c        0xe src/services.o
                0x000000000800333c                Delay_service
 *fill*         0x000000000800334a        0x2 
 .text.Touchpanel_service
                0x000000000800334c       0x7c src/services.o
                0x000000000800334c                Touchpanel_service
 .text.TouchHoldOff_service
                0x00000000080033c8        0xe src/services.o
                0x00000000080033c8                TouchHoldOff_service
 .text.Temperaturemap_service
                0x00000000080033d6       0x1e src/services.o
                0x00000000080033d6                Temperaturemap_service
 .text.Scale_service
                0x00000000080033f4        0xc src/services.o
                0x00000000080033f4                Scale_service
 .text.NMI_Handler
                0x0000000008003400        0xe src/stm32f4xx_it.o
                0x0000000008003400                NMI_Handler
 .text.HardFault_Handler
                0x000000000800340e        0x6 src/stm32f4xx_it.o
                0x000000000800340e                HardFault_Handler
 .text.MemManage_Handler
                0x0000000008003414        0x6 src/stm32f4xx_it.o
                0x0000000008003414                MemManage_Handler
 .text.BusFault_Handler
                0x000000000800341a        0x6 src/stm32f4xx_it.o
                0x000000000800341a                BusFault_Handler
 .text.UsageFault_Handler
                0x0000000008003420        0x6 src/stm32f4xx_it.o
                0x0000000008003420                UsageFault_Handler
 .text.SVC_Handler
                0x0000000008003426        0xe src/stm32f4xx_it.o
                0x0000000008003426                SVC_Handler
 .text.DebugMon_Handler
                0x0000000008003434        0xe src/stm32f4xx_it.o
                0x0000000008003434                DebugMon_Handler
 .text.PendSV_Handler
                0x0000000008003442        0xe src/stm32f4xx_it.o
                0x0000000008003442                PendSV_Handler
 .text.SysTick_Handler
                0x0000000008003450        0xc src/stm32f4xx_it.o
                0x0000000008003450                SysTick_Handler
 .text.EXTI0_IRQHandler
                0x000000000800345c        0xe src/stm32f4xx_it.o
                0x000000000800345c                EXTI0_IRQHandler
 *fill*         0x000000000800346a        0x2 
 .text.EXTI9_5_IRQHandler
                0x000000000800346c       0x3c src/stm32f4xx_it.o
                0x000000000800346c                EXTI9_5_IRQHandler
 .text.DMA1_Stream7_IRQHandler
                0x00000000080034a8        0xe src/stm32f4xx_it.o
                0x00000000080034a8                DMA1_Stream7_IRQHandler
 .text.DMA2_Stream0_IRQHandler
                0x00000000080034b6        0xe src/stm32f4xx_it.o
                0x00000000080034b6                DMA2_Stream0_IRQHandler
 .text.SystemInit
                0x00000000080034c4       0x5c src/system_stm32f4xx.o
                0x00000000080034c4                SystemInit
 .text.SetSysClock
                0x0000000008003520      0x128 src/system_stm32f4xx.o
 .text.Reset_Handler
                0x0000000008003648       0x48 startup/startup_stm32f4xx.o
                0x0000000008003648                Reset_Handler
 .text.Default_Handler
                0x0000000008003690        0x2 startup/startup_stm32f4xx.o
                0x0000000008003690                DMA1_Stream3_IRQHandler
                0x0000000008003690                HASH_RNG_IRQHandler
                0x0000000008003690                EXTI2_IRQHandler
                0x0000000008003690                TIM8_CC_IRQHandler
                0x0000000008003690                TIM1_CC_IRQHandler
                0x0000000008003690                DMA2_Stream5_IRQHandler
                0x0000000008003690                DMA1_Stream5_IRQHandler
                0x0000000008003690                PVD_IRQHandler
                0x0000000008003690                SDIO_IRQHandler
                0x0000000008003690                TAMP_STAMP_IRQHandler
                0x0000000008003690                CAN2_RX1_IRQHandler
                0x0000000008003690                EXTI3_IRQHandler
                0x0000000008003690                TIM8_TRG_COM_TIM14_IRQHandler
                0x0000000008003690                TIM1_UP_TIM10_IRQHandler
                0x0000000008003690                TIM8_UP_TIM13_IRQHandler
                0x0000000008003690                I2C3_ER_IRQHandler
                0x0000000008003690                I2C2_EV_IRQHandler
                0x0000000008003690                DMA1_Stream2_IRQHandler
                0x0000000008003690                CAN1_RX0_IRQHandler
                0x0000000008003690                FPU_IRQHandler
                0x0000000008003690                OTG_HS_WKUP_IRQHandler
                0x0000000008003690                CAN2_SCE_IRQHandler
                0x0000000008003690                DMA2_Stream2_IRQHandler
                0x0000000008003690                SPI1_IRQHandler
                0x0000000008003690                TIM6_DAC_IRQHandler
                0x0000000008003690                TIM1_BRK_TIM9_IRQHandler
                0x0000000008003690                DCMI_IRQHandler
                0x0000000008003690                CAN2_RX0_IRQHandler
                0x0000000008003690                DMA2_Stream3_IRQHandler
                0x0000000008003690                USART6_IRQHandler
                0x0000000008003690                USART3_IRQHandler
                0x0000000008003690                CRYP_IRQHandler
                0x0000000008003690                CAN1_RX1_IRQHandler
                0x0000000008003690                UART5_IRQHandler
                0x0000000008003690                TIM4_IRQHandler
                0x0000000008003690                I2C1_EV_IRQHandler
                0x0000000008003690                DMA1_Stream6_IRQHandler
                0x0000000008003690                DMA1_Stream1_IRQHandler
                0x0000000008003690                UART4_IRQHandler
                0x0000000008003690                TIM3_IRQHandler
                0x0000000008003690                RCC_IRQHandler
                0x0000000008003690                TIM8_BRK_TIM12_IRQHandler
                0x0000000008003690                Default_Handler
                0x0000000008003690                EXTI15_10_IRQHandler
                0x0000000008003690                ADC_IRQHandler
                0x0000000008003690                TIM7_IRQHandler
                0x0000000008003690                CAN2_TX_IRQHandler
                0x0000000008003690                TIM5_IRQHandler
                0x0000000008003690                DMA2_Stream7_IRQHandler
                0x0000000008003690                I2C3_EV_IRQHandler
                0x0000000008003690                RTC_WKUP_IRQHandler
                0x0000000008003690                ETH_WKUP_IRQHandler
                0x0000000008003690                SPI2_IRQHandler
                0x0000000008003690                OTG_HS_EP1_IN_IRQHandler
                0x0000000008003690                DMA1_Stream0_IRQHandler
                0x0000000008003690                CAN1_TX_IRQHandler
                0x0000000008003690                EXTI4_IRQHandler
                0x0000000008003690                FSMC_IRQHandler
                0x0000000008003690                ETH_IRQHandler
                0x0000000008003690                OTG_HS_EP1_OUT_IRQHandler
                0x0000000008003690                WWDG_IRQHandler
                0x0000000008003690                TIM2_IRQHandler
                0x0000000008003690                OTG_FS_WKUP_IRQHandler
                0x0000000008003690                TIM1_TRG_COM_TIM11_IRQHandler
                0x0000000008003690                OTG_HS_IRQHandler
                0x0000000008003690                EXTI1_IRQHandler
                0x0000000008003690                USART2_IRQHandler
                0x0000000008003690                I2C2_ER_IRQHandler
                0x0000000008003690                DMA2_Stream1_IRQHandler
                0x0000000008003690                CAN1_SCE_IRQHandler
                0x0000000008003690                FLASH_IRQHandler
                0x0000000008003690                DMA2_Stream4_IRQHandler
                0x0000000008003690                USART1_IRQHandler
                0x0000000008003690                OTG_FS_IRQHandler
                0x0000000008003690                SPI3_IRQHandler
                0x0000000008003690                DMA1_Stream4_IRQHandler
                0x0000000008003690                I2C1_ER_IRQHandler
                0x0000000008003690                DMA2_Stream6_IRQHandler
                0x0000000008003690                RTC_Alarm_IRQHandler
 *fill*         0x0000000008003692        0x2 
 .text.NVIC_Init
                0x0000000008003694       0xc4 /Users/daymoon/Documents/workspace/stm32f4discovery_stdperiph_lib/Debug/libstm32f4discovery_stdperiph_lib.a(misc.o)
                0x0000000008003694                NVIC_Init
 .text.EXTI_Init
                0x0000000008003758       0xe4 /Users/daymoon/Documents/workspace/stm32f4discovery_stdperiph_lib/Debug/libstm32f4discovery_stdperiph_lib.a(stm32f4xx_exti.o)
                0x0000000008003758                EXTI_Init
 .text.EXTI_GetITStatus
                0x000000000800383c       0x48 /Users/daymoon/Documents/workspace/stm32f4discovery_stdperiph_lib/Debug/libstm32f4discovery_stdperiph_lib.a(stm32f4xx_exti.o)
                0x000000000800383c                EXTI_GetITStatus
 .text.EXTI_ClearITPendingBit
                0x0000000008003884       0x20 /Users/daymoon/Documents/workspace/stm32f4discovery_stdperiph_lib/Debug/libstm32f4discovery_stdperiph_lib.a(stm32f4xx_exti.o)
                0x0000000008003884                EXTI_ClearITPendingBit
 .text.FSMC_NORSRAMInit
                0x00000000080038a4      0x13c /Users/daymoon/Documents/workspace/stm32f4discovery_stdperiph_lib/Debug/libstm32f4discovery_stdperiph_lib.a(stm32f4xx_fsmc.o)
                0x00000000080038a4                FSMC_NORSRAMInit
 .text.FSMC_NORSRAMCmd
                0x00000000080039e0       0x54 /Users/daymoon/Documents/workspace/stm32f4discovery_stdperiph_lib/Debug/libstm32f4discovery_stdperiph_lib.a(stm32f4xx_fsmc.o)
                0x00000000080039e0                FSMC_NORSRAMCmd
 .text.GPIO_Init
                0x0000000008003a34      0x11c /Users/daymoon/Documents/workspace/stm32f4discovery_stdperiph_lib/Debug/libstm32f4discovery_stdperiph_lib.a(stm32f4xx_gpio.o)
                0x0000000008003a34                GPIO_Init
 .text.GPIO_ReadInputDataBit
                0x0000000008003b50       0x34 /Users/daymoon/Documents/workspace/stm32f4discovery_stdperiph_lib/Debug/libstm32f4discovery_stdperiph_lib.a(stm32f4xx_gpio.o)
                0x0000000008003b50                GPIO_ReadInputDataBit
 .text.GPIO_ReadInputData
                0x0000000008003b84       0x1a /Users/daymoon/Documents/workspace/stm32f4discovery_stdperiph_lib/Debug/libstm32f4discovery_stdperiph_lib.a(stm32f4xx_gpio.o)
                0x0000000008003b84                GPIO_ReadInputData
 .text.GPIO_ReadOutputData
                0x0000000008003b9e       0x1a /Users/daymoon/Documents/workspace/stm32f4discovery_stdperiph_lib/Debug/libstm32f4discovery_stdperiph_lib.a(stm32f4xx_gpio.o)
                0x0000000008003b9e                GPIO_ReadOutputData
 .text.GPIO_SetBits
                0x0000000008003bb8       0x1e /Users/daymoon/Documents/workspace/stm32f4discovery_stdperiph_lib/Debug/libstm32f4discovery_stdperiph_lib.a(stm32f4xx_gpio.o)
                0x0000000008003bb8                GPIO_SetBits
 .text.GPIO_ResetBits
                0x0000000008003bd6       0x1e /Users/daymoon/Documents/workspace/stm32f4discovery_stdperiph_lib/Debug/libstm32f4discovery_stdperiph_lib.a(stm32f4xx_gpio.o)
                0x0000000008003bd6                GPIO_ResetBits
 .text.GPIO_PinAFConfig
                0x0000000008003bf4       0x92 /Users/daymoon/Documents/workspace/stm32f4discovery_stdperiph_lib/Debug/libstm32f4discovery_stdperiph_lib.a(stm32f4xx_gpio.o)
                0x0000000008003bf4                GPIO_PinAFConfig
 .text.I2C_Cmd  0x0000000008003c86       0x40 /Users/daymoon/Documents/workspace/stm32f4discovery_stdperiph_lib/Debug/libstm32f4discovery_stdperiph_lib.a(stm32f4xx_i2c.o)
                0x0000000008003c86                I2C_Cmd
 .text.I2C_GenerateSTART
                0x0000000008003cc6       0x40 /Users/daymoon/Documents/workspace/stm32f4discovery_stdperiph_lib/Debug/libstm32f4discovery_stdperiph_lib.a(stm32f4xx_i2c.o)
                0x0000000008003cc6                I2C_GenerateSTART
 .text.I2C_GenerateSTOP
                0x0000000008003d06       0x40 /Users/daymoon/Documents/workspace/stm32f4discovery_stdperiph_lib/Debug/libstm32f4discovery_stdperiph_lib.a(stm32f4xx_i2c.o)
                0x0000000008003d06                I2C_GenerateSTOP
 .text.I2C_Send7bitAddress
                0x0000000008003d46       0x3c /Users/daymoon/Documents/workspace/stm32f4discovery_stdperiph_lib/Debug/libstm32f4discovery_stdperiph_lib.a(stm32f4xx_i2c.o)
                0x0000000008003d46                I2C_Send7bitAddress
 .text.I2C_AcknowledgeConfig
                0x0000000008003d82       0x40 /Users/daymoon/Documents/workspace/stm32f4discovery_stdperiph_lib/Debug/libstm32f4discovery_stdperiph_lib.a(stm32f4xx_i2c.o)
                0x0000000008003d82                I2C_AcknowledgeConfig
 .text.I2C_SendData
                0x0000000008003dc2       0x20 /Users/daymoon/Documents/workspace/stm32f4discovery_stdperiph_lib/Debug/libstm32f4discovery_stdperiph_lib.a(stm32f4xx_i2c.o)
                0x0000000008003dc2                I2C_SendData
 .text.I2C_ReceiveData
                0x0000000008003de2       0x1c /Users/daymoon/Documents/workspace/stm32f4discovery_stdperiph_lib/Debug/libstm32f4discovery_stdperiph_lib.a(stm32f4xx_i2c.o)
                0x0000000008003de2                I2C_ReceiveData
 .text.I2C_CheckEvent
                0x0000000008003dfe       0x60 /Users/daymoon/Documents/workspace/stm32f4discovery_stdperiph_lib/Debug/libstm32f4discovery_stdperiph_lib.a(stm32f4xx_i2c.o)
                0x0000000008003dfe                I2C_CheckEvent
 .text.I2C_GetFlagStatus
                0x0000000008003e5e       0x66 /Users/daymoon/Documents/workspace/stm32f4discovery_stdperiph_lib/Debug/libstm32f4discovery_stdperiph_lib.a(stm32f4xx_i2c.o)
                0x0000000008003e5e                I2C_GetFlagStatus
 .text.RCC_GetClocksFreq
                0x0000000008003ec4      0x150 /Users/daymoon/Documents/workspace/stm32f4discovery_stdperiph_lib/Debug/libstm32f4discovery_stdperiph_lib.a(stm32f4xx_rcc.o)
                0x0000000008003ec4                RCC_GetClocksFreq
 .text.RCC_AHB1PeriphClockCmd
                0x0000000008004014       0x40 /Users/daymoon/Documents/workspace/stm32f4discovery_stdperiph_lib/Debug/libstm32f4discovery_stdperiph_lib.a(stm32f4xx_rcc.o)
                0x0000000008004014                RCC_AHB1PeriphClockCmd
 .text.RCC_AHB3PeriphClockCmd
                0x0000000008004054       0x40 /Users/daymoon/Documents/workspace/stm32f4discovery_stdperiph_lib/Debug/libstm32f4discovery_stdperiph_lib.a(stm32f4xx_rcc.o)
                0x0000000008004054                RCC_AHB3PeriphClockCmd
 .text.RCC_APB1PeriphClockCmd
                0x0000000008004094       0x40 /Users/daymoon/Documents/workspace/stm32f4discovery_stdperiph_lib/Debug/libstm32f4discovery_stdperiph_lib.a(stm32f4xx_rcc.o)
                0x0000000008004094                RCC_APB1PeriphClockCmd
 .text.RCC_APB2PeriphClockCmd
                0x00000000080040d4       0x40 /Users/daymoon/Documents/workspace/stm32f4discovery_stdperiph_lib/Debug/libstm32f4discovery_stdperiph_lib.a(stm32f4xx_rcc.o)
                0x00000000080040d4                RCC_APB2PeriphClockCmd
 .text.RCC_APB1PeriphResetCmd
                0x0000000008004114       0x40 /Users/daymoon/Documents/workspace/stm32f4discovery_stdperiph_lib/Debug/libstm32f4discovery_stdperiph_lib.a(stm32f4xx_rcc.o)
                0x0000000008004114                RCC_APB1PeriphResetCmd
 .text.RCC_APB2PeriphResetCmd
                0x0000000008004154       0x40 /Users/daymoon/Documents/workspace/stm32f4discovery_stdperiph_lib/Debug/libstm32f4discovery_stdperiph_lib.a(stm32f4xx_rcc.o)
                0x0000000008004154                RCC_APB2PeriphResetCmd
 .text.SPI_I2S_DeInit
                0x0000000008004194       0x74 /Users/daymoon/Documents/workspace/stm32f4discovery_stdperiph_lib/Debug/libstm32f4discovery_stdperiph_lib.a(stm32f4xx_spi.o)
                0x0000000008004194                SPI_I2S_DeInit
 .text.SPI_Init
                0x0000000008004208       0x88 /Users/daymoon/Documents/workspace/stm32f4discovery_stdperiph_lib/Debug/libstm32f4discovery_stdperiph_lib.a(stm32f4xx_spi.o)
                0x0000000008004208                SPI_Init
 .text.SPI_Cmd  0x0000000008004290       0x40 /Users/daymoon/Documents/workspace/stm32f4discovery_stdperiph_lib/Debug/libstm32f4discovery_stdperiph_lib.a(stm32f4xx_spi.o)
                0x0000000008004290                SPI_Cmd
 .text.SPI_I2S_ReceiveData
                0x00000000080042d0       0x1a /Users/daymoon/Documents/workspace/stm32f4discovery_stdperiph_lib/Debug/libstm32f4discovery_stdperiph_lib.a(stm32f4xx_spi.o)
                0x00000000080042d0                SPI_I2S_ReceiveData
 .text.SPI_I2S_SendData
                0x00000000080042ea       0x1e /Users/daymoon/Documents/workspace/stm32f4discovery_stdperiph_lib/Debug/libstm32f4discovery_stdperiph_lib.a(stm32f4xx_spi.o)
                0x00000000080042ea                SPI_I2S_SendData
 .text.SPI_I2S_GetFlagStatus
                0x0000000008004308       0x38 /Users/daymoon/Documents/workspace/stm32f4discovery_stdperiph_lib/Debug/libstm32f4discovery_stdperiph_lib.a(stm32f4xx_spi.o)
                0x0000000008004308                SPI_I2S_GetFlagStatus
 .text.SYSCFG_EXTILineConfig
                0x0000000008004340       0x84 /Users/daymoon/Documents/workspace/stm32f4discovery_stdperiph_lib/Debug/libstm32f4discovery_stdperiph_lib.a(stm32f4xx_syscfg.o)
                0x0000000008004340                SYSCFG_EXTILineConfig
 .text.__libc_init_array
                0x00000000080043c4       0x48 /Applications/Ac6/SystemWorkbench.app/Contents/Eclipse/plugins/fr.ac6.mcu.externaltools.arm-none.macos64_1.17.0.201812190825/tools/compiler/bin/../lib/gcc/arm-none-eabi/7.3.1/../../../../arm-none-eabi/lib/thumb/v7e-m/fpv4-sp/hard/libc.a(lib_a-init.o)
                0x00000000080043c4                __libc_init_array
 .text.memset   0x000000000800440c       0x94 /Applications/Ac6/SystemWorkbench.app/Contents/Eclipse/plugins/fr.ac6.mcu.externaltools.arm-none.macos64_1.17.0.201812190825/tools/compiler/bin/../lib/gcc/arm-none-eabi/7.3.1/../../../../arm-none-eabi/lib/thumb/v7e-m/fpv4-sp/hard/libc.a(lib_a-memset.o)
                0x000000000800440c                memset
 .text.strcpy   0x00000000080044a0       0xbc /Applications/Ac6/SystemWorkbench.app/Contents/Eclipse/plugins/fr.ac6.mcu.externaltools.arm-none.macos64_1.17.0.201812190825/tools/compiler/bin/../lib/gcc/arm-none-eabi/7.3.1/../../../../arm-none-eabi/lib/thumb/v7e-m/fpv4-sp/hard/libc.a(lib_a-strcpy.o)
                0x00000000080044a0                strcpy
 .text.startup.register_fini
                0x000000000800455c       0x14 /Applications/Ac6/SystemWorkbench.app/Contents/Eclipse/plugins/fr.ac6.mcu.externaltools.arm-none.macos64_1.17.0.201812190825/tools/compiler/bin/../lib/gcc/arm-none-eabi/7.3.1/../../../../arm-none-eabi/lib/thumb/v7e-m/fpv4-sp/hard/libc.a(lib_a-__call_atexit.o)
 .text.atexit   0x0000000008004570        0xc /Applications/Ac6/SystemWorkbench.app/Contents/Eclipse/plugins/fr.ac6.mcu.externaltools.arm-none.macos64_1.17.0.201812190825/tools/compiler/bin/../lib/gcc/arm-none-eabi/7.3.1/../../../../arm-none-eabi/lib/thumb/v7e-m/fpv4-sp/hard/libc.a(lib_a-atexit.o)
                0x0000000008004570                atexit
 .text.__libc_fini_array
                0x000000000800457c       0x34 /Applications/Ac6/SystemWorkbench.app/Contents/Eclipse/plugins/fr.ac6.mcu.externaltools.arm-none.macos64_1.17.0.201812190825/tools/compiler/bin/../lib/gcc/arm-none-eabi/7.3.1/../../../../arm-none-eabi/lib/thumb/v7e-m/fpv4-sp/hard/libc.a(lib_a-fini.o)
                0x000000000800457c                __libc_fini_array
 .text.__retarget_lock_acquire_recursive
                0x00000000080045b0        0x4 /Applications/Ac6/SystemWorkbench.app/Contents/Eclipse/plugins/fr.ac6.mcu.externaltools.arm-none.macos64_1.17.0.201812190825/tools/compiler/bin/../lib/gcc/arm-none-eabi/7.3.1/../../../../arm-none-eabi/lib/thumb/v7e-m/fpv4-sp/hard/libc.a(lib_a-lock.o)
                0x00000000080045b0                __retarget_lock_acquire_recursive
 .text.__retarget_lock_release_recursive
                0x00000000080045b4        0x4 /Applications/Ac6/SystemWorkbench.app/Contents/Eclipse/plugins/fr.ac6.mcu.externaltools.arm-none.macos64_1.17.0.201812190825/tools/compiler/bin/../lib/gcc/arm-none-eabi/7.3.1/../../../../arm-none-eabi/lib/thumb/v7e-m/fpv4-sp/hard/libc.a(lib_a-lock.o)
                0x00000000080045b4                __retarget_lock_release_recursive
 .text.__register_exitproc
                0x00000000080045b8       0xc0 /Applications/Ac6/SystemWorkbench.app/Contents/Eclipse/plugins/fr.ac6.mcu.externaltools.arm-none.macos64_1.17.0.201812190825/tools/compiler/bin/../lib/gcc/arm-none-eabi/7.3.1/../../../../arm-none-eabi/lib/thumb/v7e-m/fpv4-sp/hard/libc.a(lib_a-__atexit.o)
                0x00000000080045b8                __register_exitproc
 *(.rodata)
 .rodata        0x0000000008004678     0x2a10 src/fonts.o
                0x0000000008004678                ASCII16x24_Table
                0x0000000008005848                ASCII12x12_Table
                0x0000000008006148                ASCII8x12_Table
                0x0000000008006a48                ASCII8x8_Table
 .rodata        0x0000000008007088       0x26 src/main.o
 *(.rodata*)
 *fill*         0x00000000080070ae        0x2 
 .rodata._global_impure_ptr
                0x00000000080070b0        0x4 /Applications/Ac6/SystemWorkbench.app/Contents/Eclipse/plugins/fr.ac6.mcu.externaltools.arm-none.macos64_1.17.0.201812190825/tools/compiler/bin/../lib/gcc/arm-none-eabi/7.3.1/../../../../arm-none-eabi/lib/thumb/v7e-m/fpv4-sp/hard/libc.a(lib_a-impure.o)
                0x00000000080070b0                _global_impure_ptr
 *(.glue_7)
 .glue_7        0x00000000080070b4        0x0 linker stubs
 *(.glue_7t)
 .glue_7t       0x00000000080070b4        0x0 linker stubs
 *(.eh_frame)
 .eh_frame      0x00000000080070b4        0x0 /Applications/Ac6/SystemWorkbench.app/Contents/Eclipse/plugins/fr.ac6.mcu.externaltools.arm-none.macos64_1.17.0.201812190825/tools/compiler/bin/../lib/gcc/arm-none-eabi/7.3.1/thumb/v7e-m/fpv4-sp/hard/crtbegin.o
 *(.init)
 .init          0x00000000080070b4        0x4 /Applications/Ac6/SystemWorkbench.app/Contents/Eclipse/plugins/fr.ac6.mcu.externaltools.arm-none.macos64_1.17.0.201812190825/tools/compiler/bin/../lib/gcc/arm-none-eabi/7.3.1/thumb/v7e-m/fpv4-sp/hard/crti.o
                0x00000000080070b4                _init
 .init          0x00000000080070b8        0x8 /Applications/Ac6/SystemWorkbench.app/Contents/Eclipse/plugins/fr.ac6.mcu.externaltools.arm-none.macos64_1.17.0.201812190825/tools/compiler/bin/../lib/gcc/arm-none-eabi/7.3.1/thumb/v7e-m/fpv4-sp/hard/crtn.o
 *(.fini)
 .fini          0x00000000080070c0        0x4 /Applications/Ac6/SystemWorkbench.app/Contents/Eclipse/plugins/fr.ac6.mcu.externaltools.arm-none.macos64_1.17.0.201812190825/tools/compiler/bin/../lib/gcc/arm-none-eabi/7.3.1/thumb/v7e-m/fpv4-sp/hard/crti.o
                0x00000000080070c0                _fini
 .fini          0x00000000080070c4        0x8 /Applications/Ac6/SystemWorkbench.app/Contents/Eclipse/plugins/fr.ac6.mcu.externaltools.arm-none.macos64_1.17.0.201812190825/tools/compiler/bin/../lib/gcc/arm-none-eabi/7.3.1/thumb/v7e-m/fpv4-sp/hard/crtn.o
                0x00000000080070cc                . = ALIGN (0x4)
                0x00000000080070cc                _etext = .

.vfp11_veneer   0x00000000080070cc        0x0
 .vfp11_veneer  0x00000000080070cc        0x0 linker stubs

.v4_bx          0x00000000080070cc        0x0
 .v4_bx         0x00000000080070cc        0x0 linker stubs

.iplt           0x00000000080070cc        0x0
 .iplt          0x00000000080070cc        0x0 /Applications/Ac6/SystemWorkbench.app/Contents/Eclipse/plugins/fr.ac6.mcu.externaltools.arm-none.macos64_1.17.0.201812190825/tools/compiler/bin/../lib/gcc/arm-none-eabi/7.3.1/thumb/v7e-m/fpv4-sp/hard/crtbegin.o

.rel.dyn        0x00000000080070cc        0x0
 .rel.iplt      0x00000000080070cc        0x0 /Applications/Ac6/SystemWorkbench.app/Contents/Eclipse/plugins/fr.ac6.mcu.externaltools.arm-none.macos64_1.17.0.201812190825/tools/compiler/bin/../lib/gcc/arm-none-eabi/7.3.1/thumb/v7e-m/fpv4-sp/hard/crtbegin.o

.ARM.extab
 *(.ARM.extab* .gnu.linkonce.armextab.*)

.ARM            0x00000000080070cc        0x0
                0x00000000080070cc                __exidx_start = .
 *(.ARM.exidx*)
                0x00000000080070cc                __exidx_end = .

.preinit_array  0x00000000080070cc        0x0
                0x00000000080070cc                PROVIDE (__preinit_array_start = .)
 *(.preinit_array*)
                0x00000000080070cc                PROVIDE (__preinit_array_end = .)

.init_array     0x00000000080070cc        0x8
                0x00000000080070cc                PROVIDE (__init_array_start = .)
 *(SORT_BY_NAME(.init_array.*))
 .init_array.00000
                0x00000000080070cc        0x4 /Applications/Ac6/SystemWorkbench.app/Contents/Eclipse/plugins/fr.ac6.mcu.externaltools.arm-none.macos64_1.17.0.201812190825/tools/compiler/bin/../lib/gcc/arm-none-eabi/7.3.1/../../../../arm-none-eabi/lib/thumb/v7e-m/fpv4-sp/hard/libc.a(lib_a-__call_atexit.o)
 *(.init_array*)
 .init_array    0x00000000080070d0        0x4 /Applications/Ac6/SystemWorkbench.app/Contents/Eclipse/plugins/fr.ac6.mcu.externaltools.arm-none.macos64_1.17.0.201812190825/tools/compiler/bin/../lib/gcc/arm-none-eabi/7.3.1/thumb/v7e-m/fpv4-sp/hard/crtbegin.o
                0x00000000080070d4                PROVIDE (__init_array_end = .)

.fini_array     0x00000000080070d4        0x4
                0x00000000080070d4                PROVIDE (__fini_array_start = .)
 *(.fini_array*)
 .fini_array    0x00000000080070d4        0x4 /Applications/Ac6/SystemWorkbench.app/Contents/Eclipse/plugins/fr.ac6.mcu.externaltools.arm-none.macos64_1.17.0.201812190825/tools/compiler/bin/../lib/gcc/arm-none-eabi/7.3.1/thumb/v7e-m/fpv4-sp/hard/crtbegin.o
 *(SORT_BY_NAME(.fini_array.*))
                0x00000000080070d8                PROVIDE (__fini_array_end = .)
                0x00000000080070d8                _sidata = .

.data           0x0000000020000000      0x53c load address 0x00000000080070d8
                0x0000000020000000                . = ALIGN (0x4)
                0x0000000020000000                _sdata = .
 *(.data)
 .data          0x0000000020000000       0xc8 src/displaylib.o
 .data          0x00000000200000c8       0x20 src/fonts.o
                0x00000000200000c8                Font16x24
                0x00000000200000d0                Font12x12
                0x00000000200000d8                Font8x12
                0x00000000200000e0                Font8x8
 .data          0x00000000200000e8       0x14 src/system_stm32f4xx.o
                0x00000000200000e8                SystemCoreClock
                0x00000000200000ec                AHBPrescTable
 .data          0x00000000200000fc       0x10 /Users/daymoon/Documents/workspace/stm32f4discovery_stdperiph_lib/Debug/libstm32f4discovery_stdperiph_lib.a(stm32f4xx_rcc.o)
 *(.data*)
 *fill*         0x000000002000010c        0x4 
 .data.impure_data
                0x0000000020000110      0x428 /Applications/Ac6/SystemWorkbench.app/Contents/Eclipse/plugins/fr.ac6.mcu.externaltools.arm-none.macos64_1.17.0.201812190825/tools/compiler/bin/../lib/gcc/arm-none-eabi/7.3.1/../../../../arm-none-eabi/lib/thumb/v7e-m/fpv4-sp/hard/libc.a(lib_a-impure.o)
 .data.__atexit_recursive_mutex
                0x0000000020000538        0x4 /Applications/Ac6/SystemWorkbench.app/Contents/Eclipse/plugins/fr.ac6.mcu.externaltools.arm-none.macos64_1.17.0.201812190825/tools/compiler/bin/../lib/gcc/arm-none-eabi/7.3.1/../../../../arm-none-eabi/lib/thumb/v7e-m/fpv4-sp/hard/libc.a(lib_a-__call_atexit.o)
                0x0000000020000538                __atexit_recursive_mutex
                0x000000002000053c                . = ALIGN (0x4)
                0x000000002000053c                _edata = .

.igot.plt       0x000000002000053c        0x0 load address 0x0000000008007614
 .igot.plt      0x000000002000053c        0x0 /Applications/Ac6/SystemWorkbench.app/Contents/Eclipse/plugins/fr.ac6.mcu.externaltools.arm-none.macos64_1.17.0.201812190825/tools/compiler/bin/../lib/gcc/arm-none-eabi/7.3.1/thumb/v7e-m/fpv4-sp/hard/crtbegin.o
                0x000000002000053c                . = ALIGN (0x4)

.bss            0x000000002000053c     0x1818 load address 0x0000000008007614
                0x000000002000053c                _sbss = .
                0x000000002000053c                __bss_start__ = _sbss
 *(.bss)
 .bss           0x000000002000053c       0x1c /Applications/Ac6/SystemWorkbench.app/Contents/Eclipse/plugins/fr.ac6.mcu.externaltools.arm-none.macos64_1.17.0.201812190825/tools/compiler/bin/../lib/gcc/arm-none-eabi/7.3.1/thumb/v7e-m/fpv4-sp/hard/crtbegin.o
 .bss           0x0000000020000558       0x52 src/UI.o
 *fill*         0x00000000200005aa        0x2 
 .bss           0x00000000200005ac       0x14 src/XPT2046.o
 .bss           0x00000000200005c0        0x1 src/amg8833.o
 .bss           0x00000000200005c1        0x1 src/delay.o
 *fill*         0x00000000200005c2        0x2 
 .bss           0x00000000200005c4      0x3dd src/display_buffer.o
 *fill*         0x00000000200009a1        0x3 
 .bss           0x00000000200009a4        0x4 src/displaylib.o
 .bss           0x00000000200009a8        0x2 src/mcuperipherals.o
 *fill*         0x00000000200009aa        0x2 
 .bss           0x00000000200009ac      0x169 src/scheduler.o
 *(.bss*)
 *(COMMON)
 *fill*         0x0000000020000b15        0x3 
 COMMON         0x0000000020000b18     0x1206 src/amg8833.o
                0x0000000020000b18                irarray1024
                0x0000000020001b18                maxtemp
                0x0000000020001b1c                irarray
                0x0000000020001d1c                mintemp
 *fill*         0x0000000020001d1e        0x2 
 COMMON         0x0000000020001d20       0x10 src/clock.o
                0x0000000020001d20                RCC_Clocks
 COMMON         0x0000000020001d30       0x21 /Applications/Ac6/SystemWorkbench.app/Contents/Eclipse/plugins/fr.ac6.mcu.externaltools.arm-none.macos64_1.17.0.201812190825/tools/compiler/bin/../lib/gcc/arm-none-eabi/7.3.1/../../../../arm-none-eabi/lib/thumb/v7e-m/fpv4-sp/hard/libc.a(lib_a-lock.o)
                0x0000000020001d30                __lock___atexit_recursive_mutex
                0x0000000020001d34                __lock___arc4random_mutex
                0x0000000020001d38                __lock___env_recursive_mutex
                0x0000000020001d3c                __lock___sinit_recursive_mutex
                0x0000000020001d40                __lock___malloc_recursive_mutex
                0x0000000020001d44                __lock___at_quick_exit_mutex
                0x0000000020001d48                __lock___dd_hash_mutex
                0x0000000020001d4c                __lock___tz_mutex
                0x0000000020001d50                __lock___sfp_recursive_mutex
                0x0000000020001d54                . = ALIGN (0x4)
 *fill*         0x0000000020001d51        0x3 
                0x0000000020001d54                _ebss = .
                0x0000000020001d54                __bss_end__ = _ebss

._user_heap_stack
                0x0000000020001d54      0x404 load address 0x0000000008008e2c
                0x0000000020001d58                . = ALIGN (0x8)
 *fill*         0x0000000020001d54        0x4 
                0x0000000020001d58                PROVIDE (end = .)
                [!provide]                        PROVIDE (_end = .)
                0x0000000020001d58                . = (. + _Min_Heap_Size)
                0x0000000020002158                . = (. + _Min_Stack_Size)
 *fill*         0x0000000020001d58      0x400 
                0x0000000020002158                . = ALIGN (0x8)

.memory_b1_text
 *(.mb1text)
 *(.mb1text*)
 *(.mb1rodata)
 *(.mb1rodata*)

/DISCARD/
 libc.a(*)
 libm.a(*)
 libgcc.a(*)

.ARM.attributes
                0x0000000000000000       0x30
 *(.ARM.attributes)
 .ARM.attributes
                0x0000000000000000       0x22 /Applications/Ac6/SystemWorkbench.app/Contents/Eclipse/plugins/fr.ac6.mcu.externaltools.arm-none.macos64_1.17.0.201812190825/tools/compiler/bin/../lib/gcc/arm-none-eabi/7.3.1/thumb/v7e-m/fpv4-sp/hard/crti.o
 .ARM.attributes
                0x0000000000000022       0x34 /Applications/Ac6/SystemWorkbench.app/Contents/Eclipse/plugins/fr.ac6.mcu.externaltools.arm-none.macos64_1.17.0.201812190825/tools/compiler/bin/../lib/gcc/arm-none-eabi/7.3.1/thumb/v7e-m/fpv4-sp/hard/crtbegin.o
 .ARM.attributes
                0x0000000000000056       0x39 src/UI.o
 .ARM.attributes
                0x000000000000008f       0x39 src/XPT2046.o
 .ARM.attributes
                0x00000000000000c8       0x39 src/amg8833.o
 .ARM.attributes
                0x0000000000000101       0x39 src/clock.o
 .ARM.attributes
                0x000000000000013a       0x39 src/delay.o
 .ARM.attributes
                0x0000000000000173       0x39 src/display_buffer.o
 .ARM.attributes
                0x00000000000001ac       0x39 src/displaylib.o
 .ARM.attributes
                0x00000000000001e5       0x39 src/fonts.o
 .ARM.attributes
                0x000000000000021e       0x39 src/leds.o
 .ARM.attributes
                0x0000000000000257       0x39 src/main.o
 .ARM.attributes
                0x0000000000000290       0x39 src/mcuperipherals.o
 .ARM.attributes
                0x00000000000002c9       0x39 src/scheduler.o
 .ARM.attributes
                0x0000000000000302       0x39 src/services.o
 .ARM.attributes
                0x000000000000033b       0x39 src/stm32f4xx_it.o
 .ARM.attributes
                0x0000000000000374       0x39 src/system_stm32f4xx.o
 .ARM.attributes
                0x00000000000003ad       0x21 startup/startup_stm32f4xx.o
 .ARM.attributes
                0x00000000000003ce       0x39 /Users/daymoon/Documents/workspace/stm32f4discovery_stdperiph_lib/Debug/libstm32f4discovery_stdperiph_lib.a(misc.o)
 .ARM.attributes
                0x0000000000000407       0x39 /Users/daymoon/Documents/workspace/stm32f4discovery_stdperiph_lib/Debug/libstm32f4discovery_stdperiph_lib.a(stm32f4xx_exti.o)
 .ARM.attributes
                0x0000000000000440       0x39 /Users/daymoon/Documents/workspace/stm32f4discovery_stdperiph_lib/Debug/libstm32f4discovery_stdperiph_lib.a(stm32f4xx_fsmc.o)
 .ARM.attributes
                0x0000000000000479       0x39 /Users/daymoon/Documents/workspace/stm32f4discovery_stdperiph_lib/Debug/libstm32f4discovery_stdperiph_lib.a(stm32f4xx_gpio.o)
 .ARM.attributes
                0x00000000000004b2       0x39 /Users/daymoon/Documents/workspace/stm32f4discovery_stdperiph_lib/Debug/libstm32f4discovery_stdperiph_lib.a(stm32f4xx_i2c.o)
 .ARM.attributes
                0x00000000000004eb       0x39 /Users/daymoon/Documents/workspace/stm32f4discovery_stdperiph_lib/Debug/libstm32f4discovery_stdperiph_lib.a(stm32f4xx_rcc.o)
 .ARM.attributes
                0x0000000000000524       0x39 /Users/daymoon/Documents/workspace/stm32f4discovery_stdperiph_lib/Debug/libstm32f4discovery_stdperiph_lib.a(stm32f4xx_spi.o)
 .ARM.attributes
                0x000000000000055d       0x39 /Users/daymoon/Documents/workspace/stm32f4discovery_stdperiph_lib/Debug/libstm32f4discovery_stdperiph_lib.a(stm32f4xx_syscfg.o)
 .ARM.attributes
                0x0000000000000596       0x34 /Applications/Ac6/SystemWorkbench.app/Contents/Eclipse/plugins/fr.ac6.mcu.externaltools.arm-none.macos64_1.17.0.201812190825/tools/compiler/bin/../lib/gcc/arm-none-eabi/7.3.1/../../../../arm-none-eabi/lib/thumb/v7e-m/fpv4-sp/hard/libc.a(lib_a-impure.o)
 .ARM.attributes
                0x00000000000005ca       0x34 /Applications/Ac6/SystemWorkbench.app/Contents/Eclipse/plugins/fr.ac6.mcu.externaltools.arm-none.macos64_1.17.0.201812190825/tools/compiler/bin/../lib/gcc/arm-none-eabi/7.3.1/../../../../arm-none-eabi/lib/thumb/v7e-m/fpv4-sp/hard/libc.a(lib_a-init.o)
 .ARM.attributes
                0x00000000000005fe       0x34 /Applications/Ac6/SystemWorkbench.app/Contents/Eclipse/plugins/fr.ac6.mcu.externaltools.arm-none.macos64_1.17.0.201812190825/tools/compiler/bin/../lib/gcc/arm-none-eabi/7.3.1/../../../../arm-none-eabi/lib/thumb/v7e-m/fpv4-sp/hard/libc.a(lib_a-memset.o)
 .ARM.attributes
                0x0000000000000632       0x34 /Applications/Ac6/SystemWorkbench.app/Contents/Eclipse/plugins/fr.ac6.mcu.externaltools.arm-none.macos64_1.17.0.201812190825/tools/compiler/bin/../lib/gcc/arm-none-eabi/7.3.1/../../../../arm-none-eabi/lib/thumb/v7e-m/fpv4-sp/hard/libc.a(lib_a-strcpy.o)
 .ARM.attributes
                0x0000000000000666       0x34 /Applications/Ac6/SystemWorkbench.app/Contents/Eclipse/plugins/fr.ac6.mcu.externaltools.arm-none.macos64_1.17.0.201812190825/tools/compiler/bin/../lib/gcc/arm-none-eabi/7.3.1/../../../../arm-none-eabi/lib/thumb/v7e-m/fpv4-sp/hard/libc.a(lib_a-__call_atexit.o)
 .ARM.attributes
                0x000000000000069a       0x34 /Applications/Ac6/SystemWorkbench.app/Contents/Eclipse/plugins/fr.ac6.mcu.externaltools.arm-none.macos64_1.17.0.201812190825/tools/compiler/bin/../lib/gcc/arm-none-eabi/7.3.1/../../../../arm-none-eabi/lib/thumb/v7e-m/fpv4-sp/hard/libc.a(lib_a-atexit.o)
 .ARM.attributes
                0x00000000000006ce       0x34 /Applications/Ac6/SystemWorkbench.app/Contents/Eclipse/plugins/fr.ac6.mcu.externaltools.arm-none.macos64_1.17.0.201812190825/tools/compiler/bin/../lib/gcc/arm-none-eabi/7.3.1/../../../../arm-none-eabi/lib/thumb/v7e-m/fpv4-sp/hard/libc.a(lib_a-fini.o)
 .ARM.attributes
                0x0000000000000702       0x34 /Applications/Ac6/SystemWorkbench.app/Contents/Eclipse/plugins/fr.ac6.mcu.externaltools.arm-none.macos64_1.17.0.201812190825/tools/compiler/bin/../lib/gcc/arm-none-eabi/7.3.1/../../../../arm-none-eabi/lib/thumb/v7e-m/fpv4-sp/hard/libc.a(lib_a-lock.o)
 .ARM.attributes
                0x0000000000000736       0x34 /Applications/Ac6/SystemWorkbench.app/Contents/Eclipse/plugins/fr.ac6.mcu.externaltools.arm-none.macos64_1.17.0.201812190825/tools/compiler/bin/../lib/gcc/arm-none-eabi/7.3.1/../../../../arm-none-eabi/lib/thumb/v7e-m/fpv4-sp/hard/libc.a(lib_a-__atexit.o)
 .ARM.attributes
                0x000000000000076a       0x22 /Applications/Ac6/SystemWorkbench.app/Contents/Eclipse/plugins/fr.ac6.mcu.externaltools.arm-none.macos64_1.17.0.201812190825/tools/compiler/bin/../lib/gcc/arm-none-eabi/7.3.1/thumb/v7e-m/fpv4-sp/hard/crtn.o
OUTPUT(Thermal_camera.elf elf32-littlearm)

.debug_info     0x0000000000000000     0xdc49
 .debug_info    0x0000000000000000      0xa39 src/UI.o
 .debug_info    0x0000000000000a39      0xdd8 src/XPT2046.o
 .debug_info    0x0000000000001811     0x13f9 src/amg8833.o
 .debug_info    0x0000000000002c0a      0x11e src/clock.o
 .debug_info    0x0000000000002d28      0xa03 src/delay.o
 .debug_info    0x000000000000372b      0xb12 src/display_buffer.o
 .debug_info    0x000000000000423d      0xe7e src/displaylib.o
 .debug_info    0x00000000000050bb      0x1fa src/fonts.o
 .debug_info    0x00000000000052b5      0xb4e src/leds.o
 .debug_info    0x0000000000005e03      0x9ac src/main.o
 .debug_info    0x00000000000067af     0x1395 src/mcuperipherals.o
 .debug_info    0x0000000000007b44      0x894 src/scheduler.o
 .debug_info    0x00000000000083d8      0xb36 src/services.o
 .debug_info    0x0000000000008f0e      0xa52 src/stm32f4xx_it.o
 .debug_info    0x0000000000009960      0x5ce src/system_stm32f4xx.o
 .debug_info    0x0000000000009f2e       0x22 startup/startup_stm32f4xx.o
 .debug_info    0x0000000000009f50      0x54b /Users/daymoon/Documents/workspace/stm32f4discovery_stdperiph_lib/Debug/libstm32f4discovery_stdperiph_lib.a(misc.o)
 .debug_info    0x000000000000a49b      0x367 /Users/daymoon/Documents/workspace/stm32f4discovery_stdperiph_lib/Debug/libstm32f4discovery_stdperiph_lib.a(stm32f4xx_exti.o)
 .debug_info    0x000000000000a802      0x907 /Users/daymoon/Documents/workspace/stm32f4discovery_stdperiph_lib/Debug/libstm32f4discovery_stdperiph_lib.a(stm32f4xx_fsmc.o)
 .debug_info    0x000000000000b109      0x628 /Users/daymoon/Documents/workspace/stm32f4discovery_stdperiph_lib/Debug/libstm32f4discovery_stdperiph_lib.a(stm32f4xx_gpio.o)
 .debug_info    0x000000000000b731      0xb0b /Users/daymoon/Documents/workspace/stm32f4discovery_stdperiph_lib/Debug/libstm32f4discovery_stdperiph_lib.a(stm32f4xx_i2c.o)
 .debug_info    0x000000000000c23c      0xc72 /Users/daymoon/Documents/workspace/stm32f4discovery_stdperiph_lib/Debug/libstm32f4discovery_stdperiph_lib.a(stm32f4xx_rcc.o)
 .debug_info    0x000000000000ceae      0xb19 /Users/daymoon/Documents/workspace/stm32f4discovery_stdperiph_lib/Debug/libstm32f4discovery_stdperiph_lib.a(stm32f4xx_spi.o)
 .debug_info    0x000000000000d9c7      0x282 /Users/daymoon/Documents/workspace/stm32f4discovery_stdperiph_lib/Debug/libstm32f4discovery_stdperiph_lib.a(stm32f4xx_syscfg.o)

.debug_abbrev   0x0000000000000000     0x2afb
 .debug_abbrev  0x0000000000000000      0x1eb src/UI.o
 .debug_abbrev  0x00000000000001eb      0x2fc src/XPT2046.o
 .debug_abbrev  0x00000000000004e7      0x334 src/amg8833.o
 .debug_abbrev  0x000000000000081b       0xa8 src/clock.o
 .debug_abbrev  0x00000000000008c3      0x201 src/delay.o
 .debug_abbrev  0x0000000000000ac4      0x205 src/display_buffer.o
 .debug_abbrev  0x0000000000000cc9      0x26d src/displaylib.o
 .debug_abbrev  0x0000000000000f36       0xce src/fonts.o
 .debug_abbrev  0x0000000000001004      0x1e9 src/leds.o
 .debug_abbrev  0x00000000000011ed      0x1c0 src/main.o
 .debug_abbrev  0x00000000000013ad      0x2d6 src/mcuperipherals.o
 .debug_abbrev  0x0000000000001683      0x22d src/scheduler.o
 .debug_abbrev  0x00000000000018b0      0x21b src/services.o
 .debug_abbrev  0x0000000000001acb      0x1c9 src/stm32f4xx_it.o
 .debug_abbrev  0x0000000000001c94      0x15d src/system_stm32f4xx.o
 .debug_abbrev  0x0000000000001df1       0x12 startup/startup_stm32f4xx.o
 .debug_abbrev  0x0000000000001e03      0x177 /Users/daymoon/Documents/workspace/stm32f4discovery_stdperiph_lib/Debug/libstm32f4discovery_stdperiph_lib.a(misc.o)
 .debug_abbrev  0x0000000000001f7a      0x1c3 /Users/daymoon/Documents/workspace/stm32f4discovery_stdperiph_lib/Debug/libstm32f4discovery_stdperiph_lib.a(stm32f4xx_exti.o)
 .debug_abbrev  0x000000000000213d      0x1a2 /Users/daymoon/Documents/workspace/stm32f4discovery_stdperiph_lib/Debug/libstm32f4discovery_stdperiph_lib.a(stm32f4xx_fsmc.o)
 .debug_abbrev  0x00000000000022df      0x1bf /Users/daymoon/Documents/workspace/stm32f4discovery_stdperiph_lib/Debug/libstm32f4discovery_stdperiph_lib.a(stm32f4xx_gpio.o)
 .debug_abbrev  0x000000000000249e      0x196 /Users/daymoon/Documents/workspace/stm32f4discovery_stdperiph_lib/Debug/libstm32f4discovery_stdperiph_lib.a(stm32f4xx_i2c.o)
 .debug_abbrev  0x0000000000002634      0x1fd /Users/daymoon/Documents/workspace/stm32f4discovery_stdperiph_lib/Debug/libstm32f4discovery_stdperiph_lib.a(stm32f4xx_rcc.o)
 .debug_abbrev  0x0000000000002831      0x17f /Users/daymoon/Documents/workspace/stm32f4discovery_stdperiph_lib/Debug/libstm32f4discovery_stdperiph_lib.a(stm32f4xx_spi.o)
 .debug_abbrev  0x00000000000029b0      0x14b /Users/daymoon/Documents/workspace/stm32f4discovery_stdperiph_lib/Debug/libstm32f4discovery_stdperiph_lib.a(stm32f4xx_syscfg.o)

.debug_aranges  0x0000000000000000      0xad0
 .debug_aranges
                0x0000000000000000       0x28 src/UI.o
 .debug_aranges
                0x0000000000000028       0xa8 src/XPT2046.o
 .debug_aranges
                0x00000000000000d0       0xe0 src/amg8833.o
 .debug_aranges
                0x00000000000001b0       0x20 src/clock.o
 .debug_aranges
                0x00000000000001d0       0x30 src/delay.o
 .debug_aranges
                0x0000000000000200       0x30 src/display_buffer.o
 .debug_aranges
                0x0000000000000230       0x88 src/displaylib.o
 .debug_aranges
                0x00000000000002b8       0x18 src/fonts.o
 .debug_aranges
                0x00000000000002d0       0x20 src/leds.o
 .debug_aranges
                0x00000000000002f0       0x20 src/main.o
 .debug_aranges
                0x0000000000000310       0x98 src/mcuperipherals.o
 .debug_aranges
                0x00000000000003a8       0x68 src/scheduler.o
 .debug_aranges
                0x0000000000000410       0x58 src/services.o
 .debug_aranges
                0x0000000000000468       0x80 src/stm32f4xx_it.o
 .debug_aranges
                0x00000000000004e8       0x30 src/system_stm32f4xx.o
 .debug_aranges
                0x0000000000000518       0x28 startup/startup_stm32f4xx.o
 .debug_aranges
                0x0000000000000540       0x40 /Users/daymoon/Documents/workspace/stm32f4discovery_stdperiph_lib/Debug/libstm32f4discovery_stdperiph_lib.a(misc.o)
 .debug_aranges
                0x0000000000000580       0x58 /Users/daymoon/Documents/workspace/stm32f4discovery_stdperiph_lib/Debug/libstm32f4discovery_stdperiph_lib.a(stm32f4xx_exti.o)
 .debug_aranges
                0x00000000000005d8       0xb0 /Users/daymoon/Documents/workspace/stm32f4discovery_stdperiph_lib/Debug/libstm32f4discovery_stdperiph_lib.a(stm32f4xx_fsmc.o)
 .debug_aranges
                0x0000000000000688       0x88 /Users/daymoon/Documents/workspace/stm32f4discovery_stdperiph_lib/Debug/libstm32f4discovery_stdperiph_lib.a(stm32f4xx_gpio.o)
 .debug_aranges
                0x0000000000000710      0x120 /Users/daymoon/Documents/workspace/stm32f4discovery_stdperiph_lib/Debug/libstm32f4discovery_stdperiph_lib.a(stm32f4xx_i2c.o)
 .debug_aranges
                0x0000000000000830      0x178 /Users/daymoon/Documents/workspace/stm32f4discovery_stdperiph_lib/Debug/libstm32f4discovery_stdperiph_lib.a(stm32f4xx_rcc.o)
 .debug_aranges
                0x00000000000009a8       0xe0 /Users/daymoon/Documents/workspace/stm32f4discovery_stdperiph_lib/Debug/libstm32f4discovery_stdperiph_lib.a(stm32f4xx_spi.o)
 .debug_aranges
                0x0000000000000a88       0x48 /Users/daymoon/Documents/workspace/stm32f4discovery_stdperiph_lib/Debug/libstm32f4discovery_stdperiph_lib.a(stm32f4xx_syscfg.o)

.debug_ranges   0x0000000000000000      0x950
 .debug_ranges  0x0000000000000000       0x18 src/UI.o
 .debug_ranges  0x0000000000000018       0x98 src/XPT2046.o
 .debug_ranges  0x00000000000000b0       0xd0 src/amg8833.o
 .debug_ranges  0x0000000000000180       0x10 src/clock.o
 .debug_ranges  0x0000000000000190       0x20 src/delay.o
 .debug_ranges  0x00000000000001b0       0x20 src/display_buffer.o
 .debug_ranges  0x00000000000001d0       0x78 src/displaylib.o
 .debug_ranges  0x0000000000000248       0x10 src/leds.o
 .debug_ranges  0x0000000000000258       0x10 src/main.o
 .debug_ranges  0x0000000000000268       0x88 src/mcuperipherals.o
 .debug_ranges  0x00000000000002f0       0x58 src/scheduler.o
 .debug_ranges  0x0000000000000348       0x48 src/services.o
 .debug_ranges  0x0000000000000390       0x70 src/stm32f4xx_it.o
 .debug_ranges  0x0000000000000400       0x20 src/system_stm32f4xx.o
 .debug_ranges  0x0000000000000420       0x20 startup/startup_stm32f4xx.o
 .debug_ranges  0x0000000000000440       0x30 /Users/daymoon/Documents/workspace/stm32f4discovery_stdperiph_lib/Debug/libstm32f4discovery_stdperiph_lib.a(misc.o)
 .debug_ranges  0x0000000000000470       0x48 /Users/daymoon/Documents/workspace/stm32f4discovery_stdperiph_lib/Debug/libstm32f4discovery_stdperiph_lib.a(stm32f4xx_exti.o)
 .debug_ranges  0x00000000000004b8       0xa0 /Users/daymoon/Documents/workspace/stm32f4discovery_stdperiph_lib/Debug/libstm32f4discovery_stdperiph_lib.a(stm32f4xx_fsmc.o)
 .debug_ranges  0x0000000000000558       0x78 /Users/daymoon/Documents/workspace/stm32f4discovery_stdperiph_lib/Debug/libstm32f4discovery_stdperiph_lib.a(stm32f4xx_gpio.o)
 .debug_ranges  0x00000000000005d0      0x110 /Users/daymoon/Documents/workspace/stm32f4discovery_stdperiph_lib/Debug/libstm32f4discovery_stdperiph_lib.a(stm32f4xx_i2c.o)
 .debug_ranges  0x00000000000006e0      0x168 /Users/daymoon/Documents/workspace/stm32f4discovery_stdperiph_lib/Debug/libstm32f4discovery_stdperiph_lib.a(stm32f4xx_rcc.o)
 .debug_ranges  0x0000000000000848       0xd0 /Users/daymoon/Documents/workspace/stm32f4discovery_stdperiph_lib/Debug/libstm32f4discovery_stdperiph_lib.a(stm32f4xx_spi.o)
 .debug_ranges  0x0000000000000918       0x38 /Users/daymoon/Documents/workspace/stm32f4discovery_stdperiph_lib/Debug/libstm32f4discovery_stdperiph_lib.a(stm32f4xx_syscfg.o)

.debug_macro    0x0000000000000000    0x13efe
 .debug_macro   0x0000000000000000      0x338 src/UI.o
 .debug_macro   0x0000000000000338      0xa78 src/UI.o
 .debug_macro   0x0000000000000db0       0x63 src/UI.o
 .debug_macro   0x0000000000000e13       0x35 src/UI.o
 .debug_macro   0x0000000000000e48       0x22 src/UI.o
 .debug_macro   0x0000000000000e6a       0x8e src/UI.o
 .debug_macro   0x0000000000000ef8       0x51 src/UI.o
 .debug_macro   0x0000000000000f49       0xef src/UI.o
 .debug_macro   0x0000000000001038       0x6a src/UI.o
 .debug_macro   0x00000000000010a2      0x1df src/UI.o
 .debug_macro   0x0000000000001281       0x18 src/UI.o
 .debug_macro   0x0000000000001299       0x42 src/UI.o
 .debug_macro   0x00000000000012db      0x8cb src/UI.o
 .debug_macro   0x0000000000001ba6     0x8057 src/UI.o
 .debug_macro   0x0000000000009bfd       0x16 src/UI.o
 .debug_macro   0x0000000000009c13      0x44e src/UI.o
 .debug_macro   0x000000000000a061      0x3cf src/UI.o
 .debug_macro   0x000000000000a430      0x111 src/UI.o
 .debug_macro   0x000000000000a541      0x182 src/UI.o
 .debug_macro   0x000000000000a6c3       0xb2 src/UI.o
 .debug_macro   0x000000000000a775      0x146 src/UI.o
 .debug_macro   0x000000000000a8bb      0x477 src/UI.o
 .debug_macro   0x000000000000ad32       0xac src/UI.o
 .debug_macro   0x000000000000adde      0x241 src/UI.o
 .debug_macro   0x000000000000b01f      0x279 src/UI.o
 .debug_macro   0x000000000000b298       0xb5 src/UI.o
 .debug_macro   0x000000000000b34d      0x265 src/UI.o
 .debug_macro   0x000000000000b5b2      0x2b1 src/UI.o
 .debug_macro   0x000000000000b863       0x64 src/UI.o
 .debug_macro   0x000000000000b8c7       0xa6 src/UI.o
 .debug_macro   0x000000000000b96d      0x538 src/UI.o
 .debug_macro   0x000000000000bea5       0x40 src/UI.o
 .debug_macro   0x000000000000bee5      0x57a src/UI.o
 .debug_macro   0x000000000000c45f      0x341 src/UI.o
 .debug_macro   0x000000000000c7a0      0x36a src/UI.o
 .debug_macro   0x000000000000cb0a       0xdf src/UI.o
 .debug_macro   0x000000000000cbe9      0x73b src/UI.o
 .debug_macro   0x000000000000d324      0x220 src/UI.o
 .debug_macro   0x000000000000d544       0x34 src/UI.o
 .debug_macro   0x000000000000d578       0x7f src/UI.o
 .debug_macro   0x000000000000d5f7       0x35 src/UI.o
 .debug_macro   0x000000000000d62c       0x3a src/UI.o
 .debug_macro   0x000000000000d666       0x16 src/UI.o
 .debug_macro   0x000000000000d67c       0x28 src/UI.o
 .debug_macro   0x000000000000d6a4       0x7c src/UI.o
 .debug_macro   0x000000000000d720       0x1c src/UI.o
 .debug_macro   0x000000000000d73c       0x1c src/UI.o
 .debug_macro   0x000000000000d758       0x2e src/UI.o
 .debug_macro   0x000000000000d786       0x10 src/UI.o
 .debug_macro   0x000000000000d796       0x22 src/UI.o
 .debug_macro   0x000000000000d7b8       0x18 src/UI.o
 .debug_macro   0x000000000000d7d0       0x5e src/UI.o
 .debug_macro   0x000000000000d82e       0x35 src/UI.o
 .debug_macro   0x000000000000d863       0x34 src/UI.o
 .debug_macro   0x000000000000d897       0x16 src/UI.o
 .debug_macro   0x000000000000d8ad      0x10e src/UI.o
 .debug_macro   0x000000000000d9bb       0x8d src/UI.o
 .debug_macro   0x000000000000da48       0x58 src/UI.o
 .debug_macro   0x000000000000daa0       0x1f src/UI.o
 .debug_macro   0x000000000000dabf       0x43 src/UI.o
 .debug_macro   0x000000000000db02       0x20 src/UI.o
 .debug_macro   0x000000000000db22      0x18e src/UI.o
 .debug_macro   0x000000000000dcb0      0x330 src/UI.o
 .debug_macro   0x000000000000dfe0       0x16 src/UI.o
 .debug_macro   0x000000000000dff6       0x29 src/UI.o
 .debug_macro   0x000000000000e01f       0x64 src/UI.o
 .debug_macro   0x000000000000e083      0x14e src/UI.o
 .debug_macro   0x000000000000e1d1      0x336 src/XPT2046.o
 .debug_macro   0x000000000000e507      0x154 src/XPT2046.o
 .debug_macro   0x000000000000e65b      0x32e src/amg8833.o
 .debug_macro   0x000000000000e989      0x1bf src/clock.o
 .debug_macro   0x000000000000eb48      0x326 src/delay.o
 .debug_macro   0x000000000000ee6e       0x10 src/delay.o
 .debug_macro   0x000000000000ee7e      0x429 src/display_buffer.o
 .debug_macro   0x000000000000f2a7       0x1c src/display_buffer.o
 .debug_macro   0x000000000000f2c3       0x35 src/display_buffer.o
 .debug_macro   0x000000000000f2f8       0x10 src/display_buffer.o
 .debug_macro   0x000000000000f308       0x10 src/display_buffer.o
 .debug_macro   0x000000000000f318       0x1c src/display_buffer.o
 .debug_macro   0x000000000000f334       0x52 src/display_buffer.o
 .debug_macro   0x000000000000f386       0x40 src/display_buffer.o
 .debug_macro   0x000000000000f3c6       0x10 src/display_buffer.o
 .debug_macro   0x000000000000f3d6       0x40 src/display_buffer.o
 .debug_macro   0x000000000000f416       0xd7 src/display_buffer.o
 .debug_macro   0x000000000000f4ed       0x1c src/display_buffer.o
 .debug_macro   0x000000000000f509       0x3d src/display_buffer.o
 .debug_macro   0x000000000000f546       0x16 src/display_buffer.o
 .debug_macro   0x000000000000f55c      0x16f src/display_buffer.o
 .debug_macro   0x000000000000f6cb       0x16 src/display_buffer.o
 .debug_macro   0x000000000000f6e1       0x3a src/display_buffer.o
 .debug_macro   0x000000000000f71b      0x324 src/displaylib.o
 .debug_macro   0x000000000000fa3f      0x1ce src/fonts.o
 .debug_macro   0x000000000000fc0d      0x320 src/leds.o
 .debug_macro   0x000000000000ff2d      0x43c src/main.o
 .debug_macro   0x0000000000010369       0x88 src/main.o
 .debug_macro   0x00000000000103f1      0x32e src/mcuperipherals.o
 .debug_macro   0x000000000001071f       0x76 src/mcuperipherals.o
 .debug_macro   0x0000000000010795      0x1cd src/scheduler.o
 .debug_macro   0x0000000000010962       0x22 src/scheduler.o
 .debug_macro   0x0000000000010984      0x340 src/services.o
 .debug_macro   0x0000000000010cc4      0x45d src/stm32f4xx_it.o
 .debug_macro   0x0000000000011121       0x22 src/stm32f4xx_it.o
 .debug_macro   0x0000000000011143      0x1e6 src/system_stm32f4xx.o
 .debug_macro   0x0000000000011329      0x1c5 /Users/daymoon/Documents/workspace/stm32f4discovery_stdperiph_lib/Debug/libstm32f4discovery_stdperiph_lib.a(misc.o)
 .debug_macro   0x00000000000114ee      0xa72 /Users/daymoon/Documents/workspace/stm32f4discovery_stdperiph_lib/Debug/libstm32f4discovery_stdperiph_lib.a(misc.o)
 .debug_macro   0x0000000000011f60       0x79 /Users/daymoon/Documents/workspace/stm32f4discovery_stdperiph_lib/Debug/libstm32f4discovery_stdperiph_lib.a(misc.o)
 .debug_macro   0x0000000000011fd9      0x1c5 /Users/daymoon/Documents/workspace/stm32f4discovery_stdperiph_lib/Debug/libstm32f4discovery_stdperiph_lib.a(stm32f4xx_exti.o)
 .debug_macro   0x000000000001219e       0xa6 /Users/daymoon/Documents/workspace/stm32f4discovery_stdperiph_lib/Debug/libstm32f4discovery_stdperiph_lib.a(stm32f4xx_exti.o)
 .debug_macro   0x0000000000012244      0x1f3 /Users/daymoon/Documents/workspace/stm32f4discovery_stdperiph_lib/Debug/libstm32f4discovery_stdperiph_lib.a(stm32f4xx_fsmc.o)
 .debug_macro   0x0000000000012437      0x273 /Users/daymoon/Documents/workspace/stm32f4discovery_stdperiph_lib/Debug/libstm32f4discovery_stdperiph_lib.a(stm32f4xx_fsmc.o)
 .debug_macro   0x00000000000126aa      0x1c3 /Users/daymoon/Documents/workspace/stm32f4discovery_stdperiph_lib/Debug/libstm32f4discovery_stdperiph_lib.a(stm32f4xx_gpio.o)
 .debug_macro   0x000000000001286d      0x25f /Users/daymoon/Documents/workspace/stm32f4discovery_stdperiph_lib/Debug/libstm32f4discovery_stdperiph_lib.a(stm32f4xx_gpio.o)
 .debug_macro   0x0000000000012acc      0x1d5 /Users/daymoon/Documents/workspace/stm32f4discovery_stdperiph_lib/Debug/libstm32f4discovery_stdperiph_lib.a(stm32f4xx_i2c.o)
 .debug_macro   0x0000000000012ca1      0x2ab /Users/daymoon/Documents/workspace/stm32f4discovery_stdperiph_lib/Debug/libstm32f4discovery_stdperiph_lib.a(stm32f4xx_i2c.o)
 .debug_macro   0x0000000000012f4c      0x267 /Users/daymoon/Documents/workspace/stm32f4discovery_stdperiph_lib/Debug/libstm32f4discovery_stdperiph_lib.a(stm32f4xx_rcc.o)
 .debug_macro   0x00000000000131b3      0x532 /Users/daymoon/Documents/workspace/stm32f4discovery_stdperiph_lib/Debug/libstm32f4discovery_stdperiph_lib.a(stm32f4xx_rcc.o)
 .debug_macro   0x00000000000136e5      0x1ef /Users/daymoon/Documents/workspace/stm32f4discovery_stdperiph_lib/Debug/libstm32f4discovery_stdperiph_lib.a(stm32f4xx_spi.o)
 .debug_macro   0x00000000000138d4      0x364 /Users/daymoon/Documents/workspace/stm32f4discovery_stdperiph_lib/Debug/libstm32f4discovery_stdperiph_lib.a(stm32f4xx_spi.o)
 .debug_macro   0x0000000000013c38      0x1ed /Users/daymoon/Documents/workspace/stm32f4discovery_stdperiph_lib/Debug/libstm32f4discovery_stdperiph_lib.a(stm32f4xx_syscfg.o)
 .debug_macro   0x0000000000013e25       0xd9 /Users/daymoon/Documents/workspace/stm32f4discovery_stdperiph_lib/Debug/libstm32f4discovery_stdperiph_lib.a(stm32f4xx_syscfg.o)

.debug_line     0x0000000000000000     0xcd1f
 .debug_line    0x0000000000000000      0x83a src/UI.o
 .debug_line    0x000000000000083a      0x9b5 src/XPT2046.o
 .debug_line    0x00000000000011ef      0xd73 src/amg8833.o
 .debug_line    0x0000000000001f62      0x6f6 src/clock.o
 .debug_line    0x0000000000002658      0x84b src/delay.o
 .debug_line    0x0000000000002ea3      0x9a0 src/display_buffer.o
 .debug_line    0x0000000000003843      0x9e3 src/displaylib.o
 .debug_line    0x0000000000004226      0x6ee src/fonts.o
 .debug_line    0x0000000000004914      0x82a src/leds.o
 .debug_line    0x000000000000513e      0x9a1 src/main.o
 .debug_line    0x0000000000005adf      0x9ea src/mcuperipherals.o
 .debug_line    0x00000000000064c9      0x846 src/scheduler.o
 .debug_line    0x0000000000006d0f      0x8d1 src/services.o
 .debug_line    0x00000000000075e0      0xa9b src/stm32f4xx_it.o
 .debug_line    0x000000000000807b      0x73d src/system_stm32f4xx.o
 .debug_line    0x00000000000087b8       0x7b startup/startup_stm32f4xx.o
 .debug_line    0x0000000000008833      0x725 /Users/daymoon/Documents/workspace/stm32f4discovery_stdperiph_lib/Debug/libstm32f4discovery_stdperiph_lib.a(misc.o)
 .debug_line    0x0000000000008f58      0x77c /Users/daymoon/Documents/workspace/stm32f4discovery_stdperiph_lib/Debug/libstm32f4discovery_stdperiph_lib.a(stm32f4xx_exti.o)
 .debug_line    0x00000000000096d4      0x972 /Users/daymoon/Documents/workspace/stm32f4discovery_stdperiph_lib/Debug/libstm32f4discovery_stdperiph_lib.a(stm32f4xx_fsmc.o)
 .debug_line    0x000000000000a046      0x83b /Users/daymoon/Documents/workspace/stm32f4discovery_stdperiph_lib/Debug/libstm32f4discovery_stdperiph_lib.a(stm32f4xx_gpio.o)
 .debug_line    0x000000000000a881      0x9b4 /Users/daymoon/Documents/workspace/stm32f4discovery_stdperiph_lib/Debug/libstm32f4discovery_stdperiph_lib.a(stm32f4xx_i2c.o)
 .debug_line    0x000000000000b235      0xa81 /Users/daymoon/Documents/workspace/stm32f4discovery_stdperiph_lib/Debug/libstm32f4discovery_stdperiph_lib.a(stm32f4xx_rcc.o)
 .debug_line    0x000000000000bcb6      0x935 /Users/daymoon/Documents/workspace/stm32f4discovery_stdperiph_lib/Debug/libstm32f4discovery_stdperiph_lib.a(stm32f4xx_spi.o)
 .debug_line    0x000000000000c5eb      0x734 /Users/daymoon/Documents/workspace/stm32f4discovery_stdperiph_lib/Debug/libstm32f4discovery_stdperiph_lib.a(stm32f4xx_syscfg.o)

.debug_str      0x0000000000000000    0x5eb00
 .debug_str     0x0000000000000000    0x59d39 src/UI.o
                                      0x5a023 (size before relaxing)
 .debug_str     0x0000000000059d39      0x1f2 src/XPT2046.o
                                      0x5a1de (size before relaxing)
 .debug_str     0x0000000000059f2b      0x45c src/amg8833.o
                                      0x5a47b (size before relaxing)
 .debug_str     0x000000000005a387       0x8c src/clock.o
                                      0x566ab (size before relaxing)
 .debug_str     0x000000000005a413       0x5c src/delay.o
                                      0x59ff2 (size before relaxing)
 .debug_str     0x000000000005a46f     0x146b src/display_buffer.o
                                      0x5b41c (size before relaxing)
 .debug_str     0x000000000005b8da      0x14b src/displaylib.o
                                      0x5a13d (size before relaxing)
 .debug_str     0x000000000005ba25       0x50 src/fonts.o
                                      0x56754 (size before relaxing)
 .debug_str     0x000000000005ba75       0x1a src/leds.o
                                      0x5a130 (size before relaxing)
 .debug_str     0x000000000005ba8f      0x281 src/main.o
                                      0x5b595 (size before relaxing)
 .debug_str     0x000000000005bd10      0xaa6 src/mcuperipherals.o
                                      0x5ac75 (size before relaxing)
 .debug_str     0x000000000005c7b6      0x27f src/scheduler.o
                                      0x56e3b (size before relaxing)
 .debug_str     0x000000000005ca35      0x14e src/services.o
                                      0x5a149 (size before relaxing)
 .debug_str     0x000000000005cb83      0x152 src/stm32f4xx_it.o
                                      0x5b6bb (size before relaxing)
 .debug_str     0x000000000005ccd5      0x1a3 src/system_stm32f4xx.o
                                      0x568a0 (size before relaxing)
 .debug_str     0x000000000005ce78       0x2e startup/startup_stm32f4xx.o
                                         0x66 (size before relaxing)
 .debug_str     0x000000000005cea6      0x16d /Users/daymoon/Documents/workspace/stm32f4discovery_stdperiph_lib/Debug/libstm32f4discovery_stdperiph_lib.a(misc.o)
                                      0x568c2 (size before relaxing)
 .debug_str     0x000000000005d013      0x118 /Users/daymoon/Documents/workspace/stm32f4discovery_stdperiph_lib/Debug/libstm32f4discovery_stdperiph_lib.a(stm32f4xx_exti.o)
                                      0x56845 (size before relaxing)
 .debug_str     0x000000000005d12b      0x50c /Users/daymoon/Documents/workspace/stm32f4discovery_stdperiph_lib/Debug/libstm32f4discovery_stdperiph_lib.a(stm32f4xx_fsmc.o)
                                      0x56d89 (size before relaxing)
 .debug_str     0x000000000005d637      0x177 /Users/daymoon/Documents/workspace/stm32f4discovery_stdperiph_lib/Debug/libstm32f4discovery_stdperiph_lib.a(stm32f4xx_gpio.o)
                                      0x5696d (size before relaxing)
 .debug_str     0x000000000005d7ae      0x3ff /Users/daymoon/Documents/workspace/stm32f4discovery_stdperiph_lib/Debug/libstm32f4discovery_stdperiph_lib.a(stm32f4xx_i2c.o)
                                      0x56b93 (size before relaxing)
 .debug_str     0x000000000005dbad      0x9a5 /Users/daymoon/Documents/workspace/stm32f4discovery_stdperiph_lib/Debug/libstm32f4discovery_stdperiph_lib.a(stm32f4xx_rcc.o)
                                      0x571ee (size before relaxing)
 .debug_str     0x000000000005e552      0x30c /Users/daymoon/Documents/workspace/stm32f4discovery_stdperiph_lib/Debug/libstm32f4discovery_stdperiph_lib.a(stm32f4xx_spi.o)
                                      0x56c2e (size before relaxing)
 .debug_str     0x000000000005e85e      0x2a2 /Users/daymoon/Documents/workspace/stm32f4discovery_stdperiph_lib/Debug/libstm32f4discovery_stdperiph_lib.a(stm32f4xx_syscfg.o)
                                      0x5691e (size before relaxing)

.comment        0x0000000000000000       0x7f
 .comment       0x0000000000000000       0x7f src/UI.o
                                         0x80 (size before relaxing)
 .comment       0x000000000000007f       0x80 src/XPT2046.o
 .comment       0x000000000000007f       0x80 src/amg8833.o
 .comment       0x000000000000007f       0x80 src/clock.o
 .comment       0x000000000000007f       0x80 src/delay.o
 .comment       0x000000000000007f       0x80 src/display_buffer.o
 .comment       0x000000000000007f       0x80 src/displaylib.o
 .comment       0x000000000000007f       0x80 src/fonts.o
 .comment       0x000000000000007f       0x80 src/leds.o
 .comment       0x000000000000007f       0x80 src/main.o
 .comment       0x000000000000007f       0x80 src/mcuperipherals.o
 .comment       0x000000000000007f       0x80 src/scheduler.o
 .comment       0x000000000000007f       0x80 src/services.o
 .comment       0x000000000000007f       0x80 src/stm32f4xx_it.o
 .comment       0x000000000000007f       0x80 src/system_stm32f4xx.o
 .comment       0x000000000000007f       0x80 /Users/daymoon/Documents/workspace/stm32f4discovery_stdperiph_lib/Debug/libstm32f4discovery_stdperiph_lib.a(misc.o)
 .comment       0x000000000000007f       0x80 /Users/daymoon/Documents/workspace/stm32f4discovery_stdperiph_lib/Debug/libstm32f4discovery_stdperiph_lib.a(stm32f4xx_exti.o)
 .comment       0x000000000000007f       0x80 /Users/daymoon/Documents/workspace/stm32f4discovery_stdperiph_lib/Debug/libstm32f4discovery_stdperiph_lib.a(stm32f4xx_fsmc.o)
 .comment       0x000000000000007f       0x80 /Users/daymoon/Documents/workspace/stm32f4discovery_stdperiph_lib/Debug/libstm32f4discovery_stdperiph_lib.a(stm32f4xx_gpio.o)
 .comment       0x000000000000007f       0x80 /Users/daymoon/Documents/workspace/stm32f4discovery_stdperiph_lib/Debug/libstm32f4discovery_stdperiph_lib.a(stm32f4xx_i2c.o)
 .comment       0x000000000000007f       0x80 /Users/daymoon/Documents/workspace/stm32f4discovery_stdperiph_lib/Debug/libstm32f4discovery_stdperiph_lib.a(stm32f4xx_rcc.o)
 .comment       0x000000000000007f       0x80 /Users/daymoon/Documents/workspace/stm32f4discovery_stdperiph_lib/Debug/libstm32f4discovery_stdperiph_lib.a(stm32f4xx_spi.o)
 .comment       0x000000000000007f       0x80 /Users/daymoon/Documents/workspace/stm32f4discovery_stdperiph_lib/Debug/libstm32f4discovery_stdperiph_lib.a(stm32f4xx_syscfg.o)

.debug_frame    0x0000000000000000     0x2b44
 .debug_frame   0x0000000000000000       0x54 src/UI.o
 .debug_frame   0x0000000000000054      0x274 src/XPT2046.o
 .debug_frame   0x00000000000002c8      0x3b8 src/amg8833.o
 .debug_frame   0x0000000000000680       0x2c src/clock.o
 .debug_frame   0x00000000000006ac       0x7c src/delay.o
 .debug_frame   0x0000000000000728       0x80 src/display_buffer.o
 .debug_frame   0x00000000000007a8      0x218 src/displaylib.o
 .debug_frame   0x00000000000009c0       0x34 src/leds.o
 .debug_frame   0x00000000000009f4       0x2c src/main.o
 .debug_frame   0x0000000000000a20      0x230 src/mcuperipherals.o
 .debug_frame   0x0000000000000c50      0x188 src/scheduler.o
 .debug_frame   0x0000000000000dd8      0x108 src/services.o
 .debug_frame   0x0000000000000ee0      0x188 src/stm32f4xx_it.o
 .debug_frame   0x0000000000001068       0x7c src/system_stm32f4xx.o
 .debug_frame   0x00000000000010e4       0xd8 /Users/daymoon/Documents/workspace/stm32f4discovery_stdperiph_lib/Debug/libstm32f4discovery_stdperiph_lib.a(misc.o)
 .debug_frame   0x00000000000011bc      0x148 /Users/daymoon/Documents/workspace/stm32f4discovery_stdperiph_lib/Debug/libstm32f4discovery_stdperiph_lib.a(stm32f4xx_exti.o)
 .debug_frame   0x0000000000001304      0x300 /Users/daymoon/Documents/workspace/stm32f4discovery_stdperiph_lib/Debug/libstm32f4discovery_stdperiph_lib.a(stm32f4xx_fsmc.o)
 .debug_frame   0x0000000000001604      0x23c /Users/daymoon/Documents/workspace/stm32f4discovery_stdperiph_lib/Debug/libstm32f4discovery_stdperiph_lib.a(stm32f4xx_gpio.o)
 .debug_frame   0x0000000000001840      0x530 /Users/daymoon/Documents/workspace/stm32f4discovery_stdperiph_lib/Debug/libstm32f4discovery_stdperiph_lib.a(stm32f4xx_i2c.o)
 .debug_frame   0x0000000000001d70      0x6d4 /Users/daymoon/Documents/workspace/stm32f4discovery_stdperiph_lib/Debug/libstm32f4discovery_stdperiph_lib.a(stm32f4xx_rcc.o)
 .debug_frame   0x0000000000002444      0x3f4 /Users/daymoon/Documents/workspace/stm32f4discovery_stdperiph_lib/Debug/libstm32f4discovery_stdperiph_lib.a(stm32f4xx_spi.o)
 .debug_frame   0x0000000000002838       0xf4 /Users/daymoon/Documents/workspace/stm32f4discovery_stdperiph_lib/Debug/libstm32f4discovery_stdperiph_lib.a(stm32f4xx_syscfg.o)
 .debug_frame   0x000000000000292c       0x2c /Applications/Ac6/SystemWorkbench.app/Contents/Eclipse/plugins/fr.ac6.mcu.externaltools.arm-none.macos64_1.17.0.201812190825/tools/compiler/bin/../lib/gcc/arm-none-eabi/7.3.1/../../../../arm-none-eabi/lib/thumb/v7e-m/fpv4-sp/hard/libc.a(lib_a-init.o)
 .debug_frame   0x0000000000002958       0x38 /Applications/Ac6/SystemWorkbench.app/Contents/Eclipse/plugins/fr.ac6.mcu.externaltools.arm-none.macos64_1.17.0.201812190825/tools/compiler/bin/../lib/gcc/arm-none-eabi/7.3.1/../../../../arm-none-eabi/lib/thumb/v7e-m/fpv4-sp/hard/libc.a(lib_a-memset.o)
 .debug_frame   0x0000000000002990       0x20 /Applications/Ac6/SystemWorkbench.app/Contents/Eclipse/plugins/fr.ac6.mcu.externaltools.arm-none.macos64_1.17.0.201812190825/tools/compiler/bin/../lib/gcc/arm-none-eabi/7.3.1/../../../../arm-none-eabi/lib/thumb/v7e-m/fpv4-sp/hard/libc.a(lib_a-strcpy.o)
 .debug_frame   0x00000000000029b0       0x5c /Applications/Ac6/SystemWorkbench.app/Contents/Eclipse/plugins/fr.ac6.mcu.externaltools.arm-none.macos64_1.17.0.201812190825/tools/compiler/bin/../lib/gcc/arm-none-eabi/7.3.1/../../../../arm-none-eabi/lib/thumb/v7e-m/fpv4-sp/hard/libc.a(lib_a-__call_atexit.o)
 .debug_frame   0x0000000000002a0c       0x20 /Applications/Ac6/SystemWorkbench.app/Contents/Eclipse/plugins/fr.ac6.mcu.externaltools.arm-none.macos64_1.17.0.201812190825/tools/compiler/bin/../lib/gcc/arm-none-eabi/7.3.1/../../../../arm-none-eabi/lib/thumb/v7e-m/fpv4-sp/hard/libc.a(lib_a-atexit.o)
 .debug_frame   0x0000000000002a2c       0x34 /Applications/Ac6/SystemWorkbench.app/Contents/Eclipse/plugins/fr.ac6.mcu.externaltools.arm-none.macos64_1.17.0.201812190825/tools/compiler/bin/../lib/gcc/arm-none-eabi/7.3.1/../../../../arm-none-eabi/lib/thumb/v7e-m/fpv4-sp/hard/libc.a(lib_a-fini.o)
 .debug_frame   0x0000000000002a60       0xb0 /Applications/Ac6/SystemWorkbench.app/Contents/Eclipse/plugins/fr.ac6.mcu.externaltools.arm-none.macos64_1.17.0.201812190825/tools/compiler/bin/../lib/gcc/arm-none-eabi/7.3.1/../../../../arm-none-eabi/lib/thumb/v7e-m/fpv4-sp/hard/libc.a(lib_a-lock.o)
 .debug_frame   0x0000000000002b10       0x34 /Applications/Ac6/SystemWorkbench.app/Contents/Eclipse/plugins/fr.ac6.mcu.externaltools.arm-none.macos64_1.17.0.201812190825/tools/compiler/bin/../lib/gcc/arm-none-eabi/7.3.1/../../../../arm-none-eabi/lib/thumb/v7e-m/fpv4-sp/hard/libc.a(lib_a-__atexit.o)
